Component: ARM Compiler 5.06 update 5 (build 528) Tool: armlink [4d35e2]

==============================================================================

Section Cross References

    lcd.o(i.LCD_Init) refers to systick.o(i.delay_ms) for delay_ms
    lcd.o(i.LCD_Init) refers to systick.o(i.delay_us) for delay_us
    lcd.o(i.LCD_Init) refers to lcd.o(i.LCDwriteCMD) for LCDwriteCMD
    lcd.o(i.LCD_Init) refers to tim17.o(i.TIM17_Init) for TIM17_Init
    lcd.o(i.LCD_Init) refers to tim17.o(i.TIM17_enable) for TIM17_enable
    lcd.o(i.LCDclear) refers to lcd.o(i.LCDwriteCMD) for LCDwriteCMD
    lcd.o(i.LCDclear) refers to systick.o(i.delay_ms) for delay_ms
    lcd.o(i.LCDprintf) refers to vsnprintf.o(.text) for vsnprintf
    lcd.o(i.LCDprintf) refers to lcd.o(i.LCDputs) for LCDputs
    lcd.o(i.LCDputc) refers to lcd.o(i.LCDwriteData) for LCDwriteData
    lcd.o(i.LCDputc) refers to systick.o(i.delay_us) for delay_us
    lcd.o(i.LCDputs) refers to lcd.o(i.LCDputc) for LCDputc
    lcd.o(i.LCDputs) refers to systick.o(i.delay_us) for delay_us
    lcd.o(i.LCDsetCursorPosition) refers to systick.o(i.delay_us) for delay_us
    lcd.o(i.LCDsetCursorPosition) refers to lcd.o(i.LCDwriteCMD) for LCDwriteCMD
    main.o(i.CAM_HOME) refers to lcd.o(i.LCDsetCursorPosition) for LCDsetCursorPosition
    main.o(i.CAM_HOME) refers to lcd.o(i.LCDprintf) for LCDprintf
    main.o(i.CAM_HOME) refers to systick.o(i.delay_ms) for delay_ms
    main.o(i.CAM_HOME) refers to drv8884.o(i.DRV8884_enable) for DRV8884_enable
    main.o(i.CAM_HOME) refers to drv8884.o(i.DRV8884_wake) for DRV8884_wake
    main.o(i.CAM_HOME) refers to drv8884.o(i.DRV8884_disable) for DRV8884_disable
    main.o(i.CAM_HOME) refers to servo.o(i.Servo_set_us) for Servo_set_us
    main.o(i.CAM_HOME) refers to main.o(.data) for step_num
    main.o(i.EXTI1_IRQHandler) refers to main.o(.data) for Step_RLim
    main.o(i.EXTI2_TSC_IRQHandler) refers to main.o(.data) for Step_LLim
    main.o(i.EXTI3_IRQHandler) refers to drv8884.o(i.DRV8884_enable) for DRV8884_enable
    main.o(i.EXTI3_IRQHandler) refers to main.o(.data) for step_num
    main.o(i.EXTI4_IRQHandler) refers to drv8814.o(i.DRV8814_disable) for DRV8814_disable
    main.o(i.EXTI4_IRQHandler) refers to drv8814.o(i.DRV8814_enable) for DRV8814_enable
    main.o(i.EXTI4_IRQHandler) refers to main.o(.data) for dc_fault
    main.o(i.TIM1_BRK_TIM15_IRQHandler) refers to drv8884.o(i.DRV8884_disable) for DRV8884_disable
    main.o(i.TIM1_BRK_TIM15_IRQHandler) refers to main.o(.data) for update_flag
    main.o(i.TIM1_CC_IRQHandler) refers to main.o(.data) for speed_R
    main.o(i.TIM1_UP_TIM16_IRQHandler) refers to servo.o(i.Servo_set_us) for Servo_set_us
    main.o(i.TIM1_UP_TIM16_IRQHandler) refers to main.o(.data) for step_num
    main.o(i.USART2_IRQHandler) refers to rt_memcpy_v6.o(.text) for __aeabi_memcpy
    main.o(i.USART2_IRQHandler) refers to main.o(.bss) for SerialRX_Buf
    main.o(i.USART2_IRQHandler) refers to main.o(.data) for SerialRX_Buf_index
    main.o(i.main) refers to sysclock.o(i.System_Clock_Init) for System_Clock_Init
    main.o(i.main) refers to systick.o(i.SysTick_Init) for SysTick_Init
    main.o(i.main) refers to lcd.o(i.LCD_Init) for LCD_Init
    main.o(i.main) refers to lcd.o(i.LCDclear) for LCDclear
    main.o(i.main) refers to leds.o(i.Heartbeat_Init) for Heartbeat_Init
    main.o(i.main) refers to leds.o(i.LED_Init) for LED_Init
    main.o(i.main) refers to lcd.o(i.LCDprintf) for LCDprintf
    main.o(i.main) refers to systick.o(i.delay_ms) for delay_ms
    main.o(i.main) refers to lcd.o(i.LCDsetCursorPosition) for LCDsetCursorPosition
    main.o(i.main) refers to lim_sw.o(i.lim_sw_Init) for lim_sw_Init
    main.o(i.main) refers to drv8884.o(i.DRV8884_Init) for DRV8884_Init
    main.o(i.main) refers to drv8884.o(i.DRV8884_sleep) for DRV8884_sleep
    main.o(i.main) refers to drv8884.o(i.DRV8884_disable) for DRV8884_disable
    main.o(i.main) refers to servo.o(i.Servo_Init) for Servo_Init
    main.o(i.main) refers to servo.o(i.Servo_set) for Servo_set
    main.o(i.main) refers to drv8814.o(i.DRV8814_Init) for DRV8814_Init
    main.o(i.main) refers to drv8814.o(i.DRV8814_sleep) for DRV8814_sleep
    main.o(i.main) refers to drv8814.o(i.DRV8814_disable) for DRV8814_disable
    main.o(i.main) refers to drv8814.o(i.DRV8814_wake) for DRV8814_wake
    main.o(i.main) refers to drv8814.o(i.DRV8814_enable) for DRV8814_enable
    main.o(i.main) refers to encoders.o(i.ENC_Init) for ENC_Init
    main.o(i.main) refers to tim15.o(i.TIM15_Init) for TIM15_Init
    main.o(i.main) refers to serial.o(i.UART_Init) for UART_Init
    main.o(i.main) refers to rtc.o(i.RTC_Init) for RTC_Init
    main.o(i.main) refers to tim17.o(i.TIM17_set) for TIM17_set
    main.o(i.main) refers to main.o(i.send_status) for send_status
    main.o(i.main) refers to serial.o(i.UART_printf) for UART_printf
    main.o(i.main) refers to tim16.o(i.TIM16_Init) for TIM16_Init
[...]
    .ARM.Collect$$_printf_percent$$00000000  0x08000208   Section        0  _printf_percent.o(.ARM.Collect$$_printf_percent$$00000000)
    .ARM.Collect$$_printf_percent$$00000001  0x08000208   Section        6  _printf_n.o(.ARM.Collect$$_printf_percent$$00000001)
    .ARM.Collect$$_printf_percent$$00000002  0x0800020e   Section        6  _printf_p.o(.ARM.Collect$$_printf_percent$$00000002)
    .ARM.Collect$$_printf_percent$$00000003  0x08000214   Section        6  _printf_f.o(.ARM.Collect$$_printf_percent$$00000003)
    .ARM.Collect$$_printf_percent$$00000004  0x0800021a   Section        6  _printf_e.o(.ARM.Collect$$_printf_percent$$00000004)
    .ARM.Collect$$_printf_percent$$00000005  0x08000220   Section        6  _printf_g.o(.ARM.Collect$$_printf_percent$$00000005)
    .ARM.Collect$$_printf_percent$$00000006  0x08000226   Section        6  _printf_a.o(.ARM.Collect$$_printf_percent$$00000006)
    .ARM.Collect$$_printf_percent$$00000007  0x0800022c   Section       10  _printf_ll.o(.ARM.Collect$$_printf_percent$$00000007)
    .ARM.Collect$$_printf_percent$$00000008  0x08000236   Section        6  _printf_i.o(.ARM.Collect$$_printf_percent$$00000008)
    .ARM.Collect$$_printf_percent$$00000009  0x0800023c   Section        6  _printf_d.o(.ARM.Collect$$_printf_percent$$00000009)
    .ARM.Collect$$_printf_percent$$0000000A  0x08000242   Section        6  _printf_u.o(.ARM.Collect$$_printf_percent$$0000000A)
    .ARM.Collect$$_printf_percent$$0000000B  0x08000248   Section        6  _printf_o.o(.ARM.Collect$$_printf_percent$$0000000B)
    .ARM.Collect$$_printf_percent$$0000000C  0x0800024e   Section        6  _printf_x.o(.ARM.Collect$$_printf_percent$$0000000C)
    .ARM.Collect$$_printf_percent$$0000000D  0x08000254   Section        6  _printf_lli.o(.ARM.Collect$$_printf_percent$$0000000D)
    .ARM.Collect$$_printf_percent$$0000000E  0x0800025a   Section        6  _printf_lld.o(.ARM.Collect$$_printf_percent$$0000000E)
    .ARM.Collect$$_printf_percent$$0000000F  0x08000260   Section        6  _printf_llu.o(.ARM.Collect$$_printf_percent$$0000000F)
    .ARM.Collect$$_printf_percent$$00000010  0x08000266   Section        6  _printf_llo.o(.ARM.Collect$$_printf_percent$$00000010)
    .ARM.Collect$$_printf_percent$$00000011  0x0800026c   Section        6  _printf_llx.o(.ARM.Collect$$_printf_percent$$00000011)
    .ARM.Collect$$_printf_percent$$00000012  0x08000272   Section       10  _printf_l.o(.ARM.Collect$$_printf_percent$$00000012)
    .ARM.Collect$$_printf_percent$$00000013  0x0800027c   Section        6  _printf_c.o(.ARM.Collect$$_printf_percent$$00000013)
    .ARM.Collect$$_printf_percent$$00000014  0x08000282   Section        6  _printf_s.o(.ARM.Collect$$_printf_percent$$00000014)
    .ARM.Collect$$_printf_percent$$00000015  0x08000288   Section        6  _printf_lc.o(.ARM.Collect$$_printf_percent$$00000015)
    .ARM.Collect$$_printf_percent$$00000016  0x0800028e   Section        6  _printf_ls.o(.ARM.Collect$$_printf_percent$$00000016)
    .ARM.Collect$$_printf_percent$$00000017  0x08000294   Section        4  _printf_percent_end.o(.ARM.Collect$$_printf_percent$$00000017)
    .ARM.Collect$$libinit$$00000000          0x08000298   Section        2  libinit.o(.ARM.Collect$$libinit$$00000000)
    .ARM.Collect$$libinit$$00000001          0x0800029a   Section        4  libinit2.o(.ARM.Collect$$libinit$$00000001)
    .ARM.Collect$$libinit$$00000004          0x0800029e   Section        0  libinit2.o(.ARM.Collect$$libinit$$00000004)
    .ARM.Collect$$libinit$$0000000A          0x0800029e   Section        0  libinit2.o(.ARM.Collect$$libinit$$0000000A)
    .ARM.Collect$$libinit$$0000000C          0x0800029e   Section        0  libinit2.o(.ARM.Collect$$libinit$$0000000C)
    .ARM.Collect$$libinit$$0000000E          0x0800029e   Section        0  libinit2.o(.ARM.Collect$$libinit$$0000000E)
    .ARM.Collect$$libinit$$0000000F          0x0800029e   Section        6  libinit2.o(.ARM.Collect$$libinit$$0000000F)
    .ARM.Collect$$libinit$$00000011          0x080002a4   Section        0  libinit2.o(.ARM.Collect$$libinit$$00000011)
    .ARM.Collect$$libinit$$00000012          0x080002a4   Section       12  libinit2.o(.ARM.Collect$$libinit$$00000012)
    .ARM.Collect$$libinit$$00000013          0x080002b0   Section        0  libinit2.o(.ARM.Collect$$libinit$$00000013)
    .ARM.Collect$$libinit$$00000015          0x080002b0   Section        0  libinit2.o(.ARM.Collect$$libinit$$00000015)
    .ARM.Collect$$libinit$$00000016          0x080002b0   Section       10  libinit2.o(.ARM.Collect$$libinit$$00000016)
    .ARM.Collect$$libinit$$00000017          0x080002ba   Section        0  libinit2.o(.ARM.Collect$$libinit$$00000017)
    .ARM.Collect$$libinit$$00000019          0x080002ba   Section        0  libinit2.o(.ARM.Collect$$libinit$$00000019)
    .ARM.Collect$$libinit$$0000001B          0x080002ba   Section        0  libinit2.o(.ARM.Collect$$libinit$$0000001B)
    .ARM.Collect$$libinit$$0000001D          0x080002ba   Section        0  libinit2.o(.ARM.Collect$$libinit$$0000001D)
    .ARM.Collect$$libinit$$0000001F          0x080002ba   Section        0  libinit2.o(.ARM.Collect$$libinit$$0000001F)
    .ARM.Collect$$libinit$$00000021          0x080002ba   Section        0  libinit2.o(.ARM.Collect$$libinit$$00000021)
    .ARM.Collect$$libinit$$00000023          0x080002ba   Section        0  libinit2.o(.ARM.Collect$$libinit$$00000023)
    .ARM.Collect$$libinit$$00000025          0x080002ba   Section        0  libinit2.o(.ARM.Collect$$libinit$$00000025)
    .ARM.Collect$$libinit$$0000002C          0x080002ba   Section        0  libinit2.o(.ARM.Collect$$libinit$$0000002C)
    .ARM.Collect$$libinit$$0000002E          0x080002ba   Section        0  libinit2.o(.ARM.Collect$$libinit$$0000002E)
    .ARM.Collect$$libinit$$00000030          0x080002ba   Section        0  libinit2.o(.ARM.Collect$$libinit$$00000030)
    .ARM.Collect$$libinit$$00000032          0x080002ba   Section        0  libinit2.o(.ARM.Collect$$libinit$$00000032)
    .ARM.Collect$$libinit$$00000033          0x080002ba   Section        2  libinit2.o(.ARM.Collect$$libinit$$00000033)
    .ARM.Collect$$libshutdown$$00000000      0x080002bc   Section        2  libshutdown.o(.ARM.Collect$$libshutdown$$00000000)
    .ARM.Collect$$libshutdown$$00000002      0x080002be   Section        0  libshutdown2.o(.ARM.Collect$$libshutdown$$00000002)
    .ARM.Collect$$libshutdown$$00000004      0x080002be   Section        0  libshutdown2.o(.ARM.Collect$$libshutdown$$00000004)
    .ARM.Collect$$libshutdown$$00000007      0x080002be   Section        0  libshutdown2.o(.ARM.Collect$$libshutdown$$00000007)
    .ARM.Collect$$libshutdown$$0000000A      0x080002be   Section        0  libshutdown2.o(.ARM.Collect$$libshutdown$$0000000A)
    .ARM.Collect$$libshutdown$$0000000C      0x080002be   Section        0  libshutdown2.o(.ARM.Collect$$libshutdown$$0000000C)
    .ARM.Collect$$libshutdown$$0000000F      0x080002be   Section        0  libshutdown2.o(.ARM.Collect$$libshutdown$$0000000F)
    .ARM.Collect$$libshutdown$$00000010      0x080002be   Section        2  libshutdown2.o(.ARM.Collect$$libshutdown$$00000010)
    .ARM.Collect$$rtentry$$00000000          0x080002c0   Section        0  __rtentry.o(.ARM.Collect$$rtentry$$00000000)
    .ARM.Collect$$rtentry$$00000002          0x080002c0   Section        0  __rtentry2.o(.ARM.Collect$$rtentry$$00000002)
    .ARM.Collect$$rtentry$$00000004          0x080002c0   Section        6  __rtentry4.o(.ARM.Collect$$rtentry$$00000004)
    .ARM.Collect$$rtentry$$00000009          0x080002c6   Section        0  __rtentry2.o(.ARM.Collect$$rtentry$$00000009)
    .ARM.Collect$$rtentry$$0000000A          0x080002c6   Section        4  __rtentry2.o(.ARM.Collect$$rtentry$$0000000A)
    .ARM.Collect$$rtentry$$0000000C          0x080002ca   Section        0  __rtentry2.o(.ARM.Collect$$rtentry$$0000000C)
    .ARM.Collect$$rtentry$$0000000D          0x080002ca   Section        8  __rtentry2.o(.ARM.Collect$$rtentry$$0000000D)
    .ARM.Collect$$rtexit$$00000000           0x080002d2   Section        2  rtexit.o(.ARM.Collect$$rtexit$$00000000)
    .ARM.Collect$$rtexit$$00000002           0x080002d4   Section        0  rtexit2.o(.ARM.Collect$$rtexit$$00000002)
    .ARM.Collect$$rtexit$$00000003           0x080002d4   Section        4  rtexit2.o(.ARM.Collect$$rtexit$$00000003)
    .ARM.Collect$$rtexit$$00000004           0x080002d8   Section        6  rtexit2.o(.ARM.Collect$$rtexit$$00000004)
    .text                                    0x080002e0   Section       64  startup_stm32f303xe.o(.text)
    $v0                                      0x080002e0   Number         0  startup_stm32f303xe.o(.text)
    .text                                    0x08000320   Section        0  vsnprintf.o(.text)
    .text                                    0x08000354   Section      138  rt_memcpy_v6.o(.text)
    .text                                    0x080003de   Section        0  heapauxi.o(.text)
    .text                                    0x080003e4   Section        0  _printf_pad.o(.text)
    .text                                    0x08000432   Section        0  _printf_truncate.o(.text)
    .text                                    0x08000456   Section        0  _printf_str.o(.text)
    .text                                    0x080004a8   Section        0  _printf_dec.o(.text)
    .text                                    0x08000520   Section        0  _printf_charcount.o(.text)
    .text                                    0x08000548   Section        0  _printf_char_common.o(.text)
    _printf_input_char                       0x08000549   Thumb Code    10  _printf_char_common.o(.text)
    .text                                    0x08000578   Section        0  _sputc.o(.text)
    .text                                    0x08000582   Section        0  _snputc.o(.text)
    .text                                    0x08000594   Section        0  _printf_wctomb.o(.text)
    .text                                    0x08000650   Section        0  _printf_longlong_dec.o(.text)
    .text                                    0x080006cc   Section        0  _printf_oct_int_ll.o(.text)
    _printf_longlong_oct_internal            0x080006cd   Thumb Code     0  _printf_oct_int_ll.o(.text)
    .text                                    0x0800073c   Section        0  _printf_hex_int_ll_ptr.o(.text)
    _printf_hex_common                       0x0800073d   Thumb Code     0  _printf_hex_int_ll_ptr.o(.text)
    .text                                    0x080007d0   Section        0  __printf_flags_ss_wp.o(.text)
    .text                                    0x08000958   Section      100  rt_memcpy_w.o(.text)
    .text                                    0x080009bc   Section      138  lludiv10.o(.text)
    .text                                    0x08000a46   Section        0  _printf_intcommon.o(.text)
    .text                                    0x08000af8   Section        0  _printf_fp_dec.o(.text)
    _fp_digits                               0x08000afb   Thumb Code   432  _printf_fp_dec.o(.text)
    .text                                    0x08000f18   Section        0  _printf_fp_hex.o(.text)
    .text                                    0x08001214   Section        0  _printf_char.o(.text)
    .text                                    0x08001240   Section        0  _printf_wchar.o(.text)
    .text                                    0x0800126c   Section        0  _wcrtomb.o(.text)
    .text                                    0x080012ac   Section       74  sys_stackheap_outer.o(.text)
    .text                                    0x080012f8   Section       16  rt_ctype_table.o(.text)
    .text                                    0x08001308   Section        8  rt_locale_intlibspace.o(.text)
    .text                                    0x08001310   Section        0  _printf_fp_infnan.o(.text)
    .text                                    0x08001390   Section        0  bigflt0.o(.text)
    .text                                    0x08001474   Section        0  exit.o(.text)
    .text                                    0x08001488   Section        8  libspace.o(.text)
    .text                                    0x08001490   Section      128  strcmpv7m.o(.text)
    .text                                    0x08001510   Section        0  sys_exit.o(.text)
    .text                                    0x0800151c   Section        2  use_no_semi.o(.text)
    .text                                    0x0800151e   Section        0  indicate_semi.o(.text)
    CL$$btod_d2e                             0x0800151e   Section       62  btod.o(CL$$btod_d2e)
    CL$$btod_d2e_denorm_low                  0x0800155c   Section       70  btod.o(CL$$btod_d2e_denorm_low)
    CL$$btod_d2e_norm_op1                    0x080015a2   Section       96  btod.o(CL$$btod_d2e_norm_op1)
    CL$$btod_div_common                      0x08001602   Section      824  btod.o(CL$$btod_div_common)
    CL$$btod_e2e                             0x0800193a   Section      220  btod.o(CL$$btod_e2e)
    CL$$btod_ediv                            0x08001a16   Section       42  btod.o(CL$$btod_ediv)
    CL$$btod_emul                            0x08001a40   Section       42  btod.o(CL$$btod_emul)
    CL$$btod_mult_common                     0x08001a6a   Section      580  btod.o(CL$$btod_mult_common)
    i.CAM_HOME                               0x08001cb0   Section        0  main.o(i.CAM_HOME)
    i.DRV8814_Init                           0x08001d94   Section        0  drv8814.o(i.DRV8814_Init)
    i.DRV8814_disable                        0x08001f00   Section        0  drv8814.o(i.DRV8814_disable)
    i.DRV8814_enable                         0x08001f20   Section        0  drv8814.o(i.DRV8814_enable)
    i.DRV8814_set_speed_left                 0x08001f40   Section        0  drv8814.o(i.DRV8814_set_speed_left)
    i.DRV8814_set_speed_right                0x08001f60   Section        0  drv8814.o(i.DRV8814_set_speed_right)
    i.DRV8814_sleep                          0x08001f80   Section        0  drv8814.o(i.DRV8814_sleep)
    i.DRV8814_wake                           0x08001f9c   Section        0  drv8814.o(i.DRV8814_wake)
    i.DRV8884_Init                           0x08001fb8   Section        0  drv8884.o(i.DRV8884_Init)
    i.DRV8884_disable                        0x08002110   Section        0  drv8884.o(i.DRV8884_disable)
    i.DRV8884_enable                         0x0800212c   Section        0  drv8884.o(i.DRV8884_enable)
    i.DRV8884_sleep                          0x08002148   Section        0  drv8884.o(i.DRV8884_sleep)
    i.DRV8884_wake                           0x08002164   Section        0  drv8884.o(i.DRV8884_wake)
    i.ENC_Init                               0x08002180   Section        0  encoders.o(i.ENC_Init)
    i.EXTI1_IRQHandler                       0x0800232c   Section        0  main.o(i.EXTI1_IRQHandler)
    i.EXTI2_TSC_IRQHandler                   0x08002348   Section        0  main.o(i.EXTI2_TSC_IRQHandler)
    i.EXTI3_IRQHandler                       0x08002364   Section        0  main.o(i.EXTI3_IRQHandler)
    i.EXTI4_IRQHandler                       0x080023b0   Section        0  main.o(i.EXTI4_IRQHandler)
    i.Heartbeat_Init                         0x080023f8   Section        0  leds.o(i.Heartbeat_Init)
    i.LCD_Init                               0x08002430   Section        0  lcd.o(i.LCD_Init)
    i.LCDclear                               0x08002640   Section        0  lcd.o(i.LCDclear)
    i.LCDprintf                              0x08002650   Section        0  lcd.o(i.LCDprintf)
    i.LCDputc                                0x08002676   Section        0  lcd.o(i.LCDputc)
    i.LCDputs                                0x08002688   Section        0  lcd.o(i.LCDputs)
    i.LCDsetCursorPosition                   0x080026ac   Section        0  lcd.o(i.LCDsetCursorPosition)
    i.LCDwriteCMD                            0x080026e0   Section        0  lcd.o(i.LCDwriteCMD)
    i.LCDwriteData                           0x0800279c   Section        0  lcd.o(i.LCDwriteData)
    i.LED_Init                               0x08002850   Section        0  leds.o(i.LED_Init)
    i.RTC_Init                               0x08002888   Section        0  rtc.o(i.RTC_Init)
    i.Servo_Init                             0x08002990   Section        0  servo.o(i.Servo_Init)
    i.Servo_UsToVal                          0x08002a3c   Section        0  servo.o(i.Servo_UsToVal)
    i.Servo_degreeToUs                       0x08002a6c   Section        0  servo.o(i.Servo_degreeToUs)
    i.Servo_set                              0x08002a7e   Section        0  servo.o(i.Servo_set)
    i.Servo_set_us                           0x08002a9a   Section        0  servo.o(i.Servo_set_us)
    i.SysTick_Handler                        0x08002ab0   Section        0  systick.o(i.SysTick_Handler)
    i.SysTick_Init                           0x08002ac8   Section        0  systick.o(i.SysTick_Init)
    i.SystemInit                             0x08002b2c   Section        0  system_stm32f3xx.o(i.SystemInit)
    i.System_Clock_Init                      0x08002ba8   Section        0  sysclock.o(i.System_Clock_Init)
    i.TIM15_Init                             0x08002ca8   Section        0  tim15.o(i.TIM15_Init)
    i.TIM16_Init                             0x08002d1c   Section        0  tim16.o(i.TIM16_Init)
    i.TIM16_enable                           0x08002d98   Section        0  tim16.o(i.TIM16_enable)
    i.TIM17_Init                             0x08002dac   Section        0  tim17.o(i.TIM17_Init)
    i.TIM17_ToVal                            0x08002e64   Section        0  tim17.o(i.TIM17_ToVal)
    TIM17_ToVal                              0x08002e65   Thumb Code    20  tim17.o(i.TIM17_ToVal)
    i.TIM17_disable                          0x08002e78   Section        0  tim17.o(i.TIM17_disable)
    i.TIM17_enable                           0x08002e8c   Section        0  tim17.o(i.TIM17_enable)
    i.TIM17_set                              0x08002ea0   Section        0  tim17.o(i.TIM17_set)
    i.TIM1_BRK_TIM15_IRQHandler              0x08002ec8   Section        0  main.o(i.TIM1_BRK_TIM15_IRQHandler)
    i.TIM1_CC_IRQHandler                     0x08002f48   Section        0  main.o(i.TIM1_CC_IRQHandler)
    i.TIM1_UP_TIM16_IRQHandler               0x08003020   Section        0  main.o(i.TIM1_UP_TIM16_IRQHandler)
    i.TIM3_Init                              0x080030f8   Section        0  tim3.o(i.TIM3_Init)
    i.TIM3_disable_ch3                       0x080031c8   Section        0  tim3.o(i.TIM3_disable_ch3)
    i.TIM3_disable_ch4                       0x080031dc   Section        0  tim3.o(i.TIM3_disable_ch4)
    i.TIM3_enable_ch3                        0x080031f0   Section        0  tim3.o(i.TIM3_enable_ch3)
    i.TIM3_enable_ch4                        0x08003204   Section        0  tim3.o(i.TIM3_enable_ch4)
    i.TIM3_set_ch3                           0x08003218   Section        0  tim3.o(i.TIM3_set_ch3)
    i.TIM3_set_ch4                           0x08003238   Section        0  tim3.o(i.TIM3_set_ch4)
    i.UART_Init                              0x08003258   Section        0  serial.o(i.UART_Init)
    i.UART_printf                            0x080033a4   Section        0  serial.o(i.UART_printf)
    i.UART_putc                              0x080033cc   Section        0  serial.o(i.UART_putc)
    i.UART_puts                              0x080033e8   Section        0  serial.o(i.UART_puts)
    i.USART2_IRQHandler                      0x08003400   Section        0  main.o(i.USART2_IRQHandler)
    i.__ARM_fpclassify                       0x08003474   Section        0  fpclassify.o(i.__ARM_fpclassify)
    i.__NVIC_EnableIRQ                       0x080034a4   Section        0  lim_sw.o(i.__NVIC_EnableIRQ)
    __NVIC_EnableIRQ                         0x080034a5   Thumb Code    34  lim_sw.o(i.__NVIC_EnableIRQ)
    i._is_digit                              0x080034c6   Section        0  __printf_wp.o(i._is_digit)
    i.delay_ms                               0x080034d4   Section        0  systick.o(i.delay_ms)
    i.delay_us                               0x080034fc   Section        0  systick.o(i.delay_us)
    i.lim_sw_Init                            0x08003520   Section        0  lim_sw.o(i.lim_sw_Init)
    i.main                                   0x080035ec   Section        0  main.o(i.main)
    i.send_status                            0x08003bf0   Section        0  main.o(i.send_status)
    locale$$code                             0x08003c88   Section       44  lc_numeric_c.o(locale$$code)
    locale$$code                             0x08003cb4   Section       44  lc_ctype_c.o(locale$$code)
    x$fpl$fpinit                             0x08003ce0   Section       10  fpinit.o(x$fpl$fpinit)
    $v0                                      0x08003ce0   Number         0  fpinit.o(x$fpl$fpinit)
    x$fpl$printf1                            0x08003cea   Section        4  printf1.o(x$fpl$printf1)
    $v0                                      0x08003cea   Number         0  printf1.o(x$fpl$printf1)
    x$fpl$printf2                            0x08003cee   Section        4  printf2.o(x$fpl$printf2)
    $v0                                      0x08003cee   Number         0  printf2.o(x$fpl$printf2)
    x$fpl$usenofp                            0x08003cf2   Section        0  usenofp.o(x$fpl$usenofp)
    .constdata                               0x08003cf4   Section        8  _printf_wctomb.o(.constdata)
    initial_mbstate                          0x08003cf4   Data           8  _printf_wctomb.o(.constdata)
    .constdata                               0x08003cfc   Section       40  _printf_hex_int_ll_ptr.o(.constdata)
    uc_hextab                                0x08003cfc   Data          20  _printf_hex_int_ll_ptr.o(.constdata)
    lc_hextab                                0x08003d10   Data          20  _printf_hex_int_ll_ptr.o(.constdata)
    .constdata                               0x08003d24   Section       17  __printf_flags_ss_wp.o(.constdata)
    maptable                                 0x08003d24   Data          17  __printf_flags_ss_wp.o(.constdata)
    .constdata                               0x08003d35   Section       38  _printf_fp_hex.o(.constdata)
    lc_hextab                                0x08003d35   Data          19  _printf_fp_hex.o(.constdata)
    uc_hextab                                0x08003d48   Data          19  _printf_fp_hex.o(.constdata)
    .constdata                               0x08003d5c   Section      148  bigflt0.o(.constdata)
    tenpwrs_x                                0x08003d5c   Data          60  bigflt0.o(.constdata)
    tenpwrs_i                                0x08003d98   Data          64  bigflt0.o(.constdata)
    locale$$data                             0x08003e10   Section       28  lc_numeric_c.o(locale$$data)
    __lcnum_c_name                           0x08003e14   Data           2  lc_numeric_c.o(locale$$data)
    __lcnum_c_start                          0x08003e1c   Data           0  lc_numeric_c.o(locale$$data)
    __lcnum_c_point                          0x08003e28   Data           0  lc_numeric_c.o(locale$$data)
    __lcnum_c_thousands                      0x08003e2a   Data           0  lc_numeric_c.o(locale$$data)
    __lcnum_c_grouping                       0x08003e2b   Data           0  lc_numeric_c.o(locale$$data)
    locale$$data                             0x08003e2c   Section      272  lc_ctype_c.o(locale$$data)
    __lcnum_c_end                            0x08003e2c   Data           0  lc_numeric_c.o(locale$$data)
    __lcctype_c_name                         0x08003e30   Data           2  lc_ctype_c.o(locale$$data)
    __lcctype_c_start                        0x08003e38   Data           0  lc_ctype_c.o(locale$$data)
    __lcctype_c_end                          0x08003f3c   Data           0  lc_ctype_c.o(locale$$data)
    .data                                    0x20000000   Section       40  main.o(.data)
    DRV8884_enabled                          0x20000000   Data           1  main.o(.data)
    DRV8884_awake                            0x20000001   Data           1  main.o(.data)
    DRV8814_enabledA                         0x20000002   Data           1  main.o(.data)
    DRV8814_enabledB                         0x20000003   Data           1  main.o(.data)
    DRV8814_awake                            0x20000004   Data           1  main.o(.data)
    step_num                                 0x20000006   Data           2  main.o(.data)
    stepper_dis_cnt                          0x2000000e   Data           1  main.o(.data)
    servo_angle_curr                         0x20000010   Data           2  main.o(.data)
    servo_angle                              0x20000012   Data           2  main.o(.data)
    Step_RLim                                0x2000001a   Data           2  main.o(.data)
    Step_LLim                                0x2000001c   Data           2  main.o(.data)
    speed_R                                  0x2000001e   Data           2  main.o(.data)
    speed_L                                  0x20000020   Data           2  main.o(.data)
    enc_update                               0x20000022   Data           1  main.o(.data)
    update_flag                              0x20000023   Data           1  main.o(.data)
    send_update                              0x20000024   Data           1  main.o(.data)
    SerialRX_Buf_index                       0x20000025   Data           1  main.o(.data)
    cmd_recv                                 0x20000026   Data           1  main.o(.data)
    cmd_recv_index                           0x20000027   Data           1  main.o(.data)
    .data                                    0x20000028   Section        4  systick.o(.data)
    TimeDelay                                0x20000028   Data           4  systick.o(.data)
    .data                                    0x2000002c   Section        2  drv8884.o(.data)
    DRV8884_enabled                          0x2000002c   Data           1  drv8884.o(.data)
    DRV8884_awake                            0x2000002d   Data           1  drv8884.o(.data)
    .data                                    0x2000002e   Section        3  drv8814.o(.data)
    DRV8814_enabledA                         0x2000002e   Data           1  drv8814.o(.data)
    DRV8814_enabledB                         0x2000002f   Data           1  drv8814.o(.data)
    DRV8814_awake                            0x20000030   Data           1  drv8814.o(.data)
    .bss                                     0x20000034   Section      128  main.o(.bss)
    SerialRX_Buf                             0x20000034   Data          64  main.o(.bss)
    SerialRX_cmd                             0x20000074   Data          64  main.o(.bss)
    .bss                                     0x200000b4   Section       96  libspace.o(.bss)
    HEAP                                     0x20000118   Section      512  startup_stm32f303xe.o(HEAP)
    Heap_Mem                                 0x20000118   Data         512  startup_stm32f303xe.o(HEAP)
    STACK                                    0x20000318   Section     1024  startup_stm32f303xe.o(STACK)
    Stack_Mem                                0x20000318   Data        1024  startup_stm32f303xe.o(STACK)
    __initial_sp                             0x20000718   Data           0  startup_stm32f303xe.o(STACK)

    Global Symbols

    Symbol Name                              Value     Ov Type        Size  Object(Section)

    BuildAttributes$$THM_ISAv4$E$P$D$K$B$S$7EM$VFPi3$EXTD16$VFPS$VFMA$PE$A:L22UL41UL21$X:L11$S22US41US21$IEEE1$IW$USESV6$~STKCKD$USESV7$~SHL$OTIME$ROPI$IEEEJ$EBA8$UX$STANDARDLIB$REQ8$PRES8$EABIv2 0x00000000   Number         0  anon$$obj.o ABSOLUTE
    __ARM_use_no_argv                        0x00000000   Number         0  main.o ABSOLUTE
    _printf_flags                            0x00000000   Number         0  printf_stubs.o ABSOLUTE
    _printf_return_value                     0x00000000   Number         0  printf_stubs.o ABSOLUTE
    _printf_sizespec                         0x00000000   Number         0  printf_stubs.o ABSOLUTE
    _printf_widthprec                        0x00000000   Number         0  printf_stubs.o ABSOLUTE
    __ARM_exceptions_init                     - Undefined Weak Reference
    __alloca_initialize                       - Undefined Weak Reference
    __arm_preinit_                            - Undefined Weak Reference
    __cpp_initialize__aeabi_                  - Undefined Weak Reference
    __cxa_finalize                            - Undefined Weak Reference
    __sigvec_lookup                           - Undefined Weak Reference
    _atexit_init                              - Undefined Weak Reference
    _call_atexit_fns                          - Undefined Weak Reference
    _clock_init                               - Undefined Weak Reference
    _fp_trap_init                             - Undefined Weak Reference
    _fp_trap_shutdown                         - Undefined Weak Reference
    _get_lc_collate                           - Undefined Weak Reference
    _get_lc_monetary                          - Undefined Weak Reference
    _get_lc_time                              - Undefined Weak Reference
    _getenv_init                              - Undefined Weak Reference
    _handle_redirection                       - Undefined Weak Reference
    _init_alloc                               - Undefined Weak Reference
    _init_user_alloc                          - Undefined Weak Reference
    _initio                                   - Undefined Weak Reference
    _printf_mbtowc                            - Undefined Weak Reference
    _printf_wc                                - Undefined Weak Reference
    _rand_init                                - Undefined Weak Reference
    _signal_finish                            - Undefined Weak Reference
    _signal_init                              - Undefined Weak Reference
    _terminate_alloc                          - Undefined Weak Reference
    _terminate_user_alloc                     - Undefined Weak Reference
    _terminateio                              - Undefined Weak Reference
    __Vectors_Size                           0x00000194   Number         0  startup_stm32f303xe.o ABSOLUTE
    __Vectors                                0x08000000   Data           4  startup_stm32f303xe.o(RESET)
    __Vectors_End                            0x08000194   Data           0  startup_stm32f303xe.o(RESET)
    __main                                   0x08000195   Thumb Code     8  __main.o(!!!main)
    __scatterload                            0x0800019d   Thumb Code     0  __scatter.o(!!!scatter)
    __scatterload_rt2                        0x0800019d   Thumb Code    44  __scatter.o(!!!scatter)
    __scatterload_rt2_thumb_only             0x0800019d   Thumb Code     0  __scatter.o(!!!scatter)
    __scatterload_null                       0x080001ab   Thumb Code     0  __scatter.o(!!!scatter)
    __scatterload_copy                       0x080001d1   Thumb Code    26  __scatter_copy.o(!!handler_copy)
    __scatterload_zeroinit                   0x080001ed   Thumb Code    28  __scatter_zi.o(!!handler_zi)
    _printf_n                                0x08000209   Thumb Code     0  _printf_n.o(.ARM.Collect$$_printf_percent$$00000001)
    _printf_percent                          0x08000209   Thumb Code     0  _printf_percent.o(.ARM.Collect$$_printf_percent$$00000000)
    _printf_p                                0x0800020f   Thumb Code     0  _printf_p.o(.ARM.Collect$$_printf_percent$$00000002)
    _printf_f                                0x08000215   Thumb Code     0  _printf_f.o(.ARM.Collect$$_printf_percent$$00000003)
    _printf_e                                0x0800021b   Thumb Code     0  _printf_e.o(.ARM.Collect$$_printf_percent$$00000004)
    _printf_g                                0x08000221   Thumb Code     0  _printf_g.o(.ARM.Collect$$_printf_percent$$00000005)
    _printf_a                                0x08000227   Thumb Code     0  _printf_a.o(.ARM.Collect$$_printf_percent$$00000006)
    _printf_ll                               0x0800022d   Thumb Code     0  _printf_ll.o(.ARM.Collect$$_printf_percent$$00000007)
    _printf_i                                0x08000237   Thumb Code     0  _printf_i.o(.ARM.Collect$$_printf_percent$$00000008)
    _printf_d                                0x0800023d   Thumb Code     0  _printf_d.o(.ARM.Collect$$_printf_percent$$00000009)
    _printf_u                                0x08000243   Thumb Code     0  _printf_u.o(.ARM.Collect$$_printf_percent$$0000000A)
    _printf_o                                0x08000249   Thumb Code     0  _printf_o.o(.ARM.Collect$$_printf_percent$$0000000B)
    _printf_x                                0x0800024f   Thumb Code     0  _printf_x.o(.ARM.Collect$$_printf_percent$$0000000C)
    _printf_lli                              0x08000255   Thumb Code     0  _printf_lli.o(.ARM.Collect$$_printf_percent$$0000000D)
    _printf_lld                              0x0800025b   Thumb Code     0  _printf_lld.o(.ARM.Collect$$_printf_percent$$0000000E)
    _printf_llu                              0x08000261   Thumb Code     0  _printf_llu.o(.ARM.Collect$$_printf_percent$$0000000F)
    _printf_llo                              0x08000267   Thumb Code     0  _printf_llo.o(.ARM.Collect$$_printf_percent$$00000010)
    _printf_llx                              0x0800026d   Thumb Code     0  _printf_llx.o(.ARM.Collect$$_printf_percent$$00000011)
    _printf_l                                0x08000273   Thumb Code     0  _printf_l.o(.ARM.Collect$$_printf_percent$$00000012)
    _printf_c                                0x0800027d   Thumb Code     0  _printf_c.o(.ARM.Collect$$_printf_percent$$00000013)
    _printf_s                                0x08000283   Thumb Code     0  _printf_s.o(.ARM.Collect$$_printf_percent$$00000014)
    _printf_lc                               0x08000289   Thumb Code     0  _printf_lc.o(.ARM.Collect$$_printf_percent$$00000015)
    _printf_ls                               0x0800028f   Thumb Code     0  _printf_ls.o(.ARM.Collect$$_printf_percent$$00000016)
    _printf_percent_end                      0x08000295   Thumb Code     0  _printf_percent_end.o(.ARM.Collect$$_printf_percent$$00000017)
    __rt_lib_init                            0x08000299   Thumb Code     0  libinit.o(.ARM.Collect$$libinit$$00000000)
    __rt_lib_init_fp_1                       0x0800029b   Thumb Code     0  libinit2.o(.ARM.Collect$$libinit$$00000001)
    __rt_lib_init_heap_1                     0x0800029f   Thumb Code     0  libinit2.o(.ARM.Collect$$libinit$$0000000A)
    __rt_lib_init_lc_common                  0x0800029f   Thumb Code     0  libinit2.o(.ARM.Collect$$libinit$$0000000F)
    __rt_lib_init_preinit_1                  0x0800029f   Thumb Code     0  libinit2.o(.ARM.Collect$$libinit$$00000004)
    __rt_lib_init_rand_1                     0x0800029f   Thumb Code     0  libinit2.o(.ARM.Collect$$libinit$$0000000E)
    __rt_lib_init_user_alloc_1               0x0800029f   Thumb Code     0  libinit2.o(.ARM.Collect$$libinit$$0000000C)
    __rt_lib_init_lc_collate_1               0x080002a5   Thumb Code     0  libinit2.o(.ARM.Collect$$libinit$$00000011)
    __rt_lib_init_lc_ctype_2                 0x080002a5   Thumb Code     0  libinit2.o(.ARM.Collect$$libinit$$00000012)
    __rt_lib_init_lc_ctype_1                 0x080002b1   Thumb Code     0  libinit2.o(.ARM.Collect$$libinit$$00000013)
    __rt_lib_init_lc_monetary_1              0x080002b1   Thumb Code     0  libinit2.o(.ARM.Collect$$libinit$$00000015)
    __rt_lib_init_lc_numeric_2               0x080002b1   Thumb Code     0  libinit2.o(.ARM.Collect$$libinit$$00000016)
    __rt_lib_init_alloca_1                   0x080002bb   Thumb Code     0  libinit2.o(.ARM.Collect$$libinit$$0000002E)
    __rt_lib_init_argv_1                     0x080002bb   Thumb Code     0  libinit2.o(.ARM.Collect$$libinit$$0000002C)
    __rt_lib_init_atexit_1                   0x080002bb   Thumb Code     0  libinit2.o(.ARM.Collect$$libinit$$0000001B)
    __rt_lib_init_clock_1                    0x080002bb   Thumb Code     0  libinit2.o(.ARM.Collect$$libinit$$00000021)
    __rt_lib_init_cpp_1                      0x080002bb   Thumb Code     0  libinit2.o(.ARM.Collect$$libinit$$00000032)
    __rt_lib_init_exceptions_1               0x080002bb   Thumb Code     0  libinit2.o(.ARM.Collect$$libinit$$00000030)
    __rt_lib_init_fp_trap_1                  0x080002bb   Thumb Code     0  libinit2.o(.ARM.Collect$$libinit$$0000001F)
    __rt_lib_init_getenv_1                   0x080002bb   Thumb Code     0  libinit2.o(.ARM.Collect$$libinit$$00000023)
    __rt_lib_init_lc_numeric_1               0x080002bb   Thumb Code     0  libinit2.o(.ARM.Collect$$libinit$$00000017)
    __rt_lib_init_lc_time_1                  0x080002bb   Thumb Code     0  libinit2.o(.ARM.Collect$$libinit$$00000019)
    __rt_lib_init_return                     0x080002bb   Thumb Code     0  libinit2.o(.ARM.Collect$$libinit$$00000033)
    __rt_lib_init_signal_1                   0x080002bb   Thumb Code     0  libinit2.o(.ARM.Collect$$libinit$$0000001D)
    __rt_lib_init_stdio_1                    0x080002bb   Thumb Code     0  libinit2.o(.ARM.Collect$$libinit$$00000025)
    __rt_lib_shutdown                        0x080002bd   Thumb Code     0  libshutdown.o(.ARM.Collect$$libshutdown$$00000000)
    __rt_lib_shutdown_cpp_1                  0x080002bf   Thumb Code     0  libshutdown2.o(.ARM.Collect$$libshutdown$$00000002)
    __rt_lib_shutdown_fp_trap_1              0x080002bf   Thumb Code     0  libshutdown2.o(.ARM.Collect$$libshutdown$$00000007)
    __rt_lib_shutdown_heap_1                 0x080002bf   Thumb Code     0  libshutdown2.o(.ARM.Collect$$libshutdown$$0000000F)
    __rt_lib_shutdown_return                 0x080002bf   Thumb Code     0  libshutdown2.o(.ARM.Collect$$libshutdown$$00000010)
    __rt_lib_shutdown_signal_1               0x080002bf   Thumb Code     0  libshutdown2.o(.ARM.Collect$$libshutdown$$0000000A)
    __rt_lib_shutdown_stdio_1                0x080002bf   Thumb Code     0  libshutdown2.o(.ARM.Collect$$libshutdown$$00000004)
    __rt_lib_shutdown_user_alloc_1           0x080002bf   Thumb Code     0  libshutdown2.o(.ARM.Collect$$libshutdown$$0000000C)
    __rt_entry                               0x080002c1   Thumb Code     0  __rtentry.o(.ARM.Collect$$rtentry$$00000000)
    __rt_entry_presh_1                       0x080002c1   Thumb Code     0  __rtentry2.o(.ARM.Collect$$rtentry$$00000002)
    __rt_entry_sh                            0x080002c1   Thumb Code     0  __rtentry4.o(.ARM.Collect$$rtentry$$00000004)
    __rt_entry_li                            0x080002c7   Thumb Code     0  __rtentry2.o(.ARM.Collect$$rtentry$$0000000A)
    __rt_entry_postsh_1                      0x080002c7   Thumb Code     0  __rtentry2.o(.ARM.Collect$$rtentry$$00000009)
    __rt_entry_main                          0x080002cb   Thumb Code     0  __rtentry2.o(.ARM.Collect$$rtentry$$0000000D)
    __rt_entry_postli_1                      0x080002cb   Thumb Code     0  __rtentry2.o(.ARM.Collect$$rtentry$$0000000C)
    __rt_exit                                0x080002d3   Thumb Code     0  rtexit.o(.ARM.Collect$$rtexit$$00000000)
    __rt_exit_ls                             0x080002d5   Thumb Code     0  rtexit2.o(.ARM.Collect$$rtexit$$00000003)
    __rt_exit_prels_1                        0x080002d5   Thumb Code     0  rtexit2.o(.ARM.Collect$$rtexit$$00000002)
    __rt_exit_exit                           0x080002d9   Thumb Code     0  rtexit2.o(.ARM.Collect$$rtexit$$00000004)
    Reset_Handler                            0x080002e1   Thumb Code     8  startup_stm32f303xe.o(.text)
    NMI_Handler                              0x080002e9   Thumb Code     2  startup_stm32f303xe.o(.text)
    HardFault_Handler                        0x080002eb   Thumb Code     2  startup_stm32f303xe.o(.text)
    MemManage_Handler                        0x080002ed   Thumb Code     2  startup_stm32f303xe.o(.text)
    BusFault_Handler                         0x080002ef   Thumb Code     2  startup_stm32f303xe.o(.text)
    UsageFault_Handler                       0x080002f1   Thumb Code     2  startup_stm32f303xe.o(.text)
    SVC_Handler                              0x080002f3   Thumb Code     2  startup_stm32f303xe.o(.text)
    DebugMon_Handler                         0x080002f5   Thumb Code     2  startup_stm32f303xe.o(.text)
    PendSV_Handler                           0x080002f7   Thumb Code     2  startup_stm32f303xe.o(.text)
    ADC1_2_IRQHandler                        0x080002fb   Thumb Code     0  startup_stm32f303xe.o(.text)
    ADC3_IRQHandler                          0x080002fb   Thumb Code     0  startup_stm32f303xe.o(.text)
    ADC4_IRQHandler                          0x080002fb   Thumb Code     0  startup_stm32f303xe.o(.text)
    CAN_RX1_IRQHandler                       0x080002fb   Thumb Code     0  startup_stm32f303xe.o(.text)
    CAN_SCE_IRQHandler                       0x080002fb   Thumb Code     0  startup_stm32f303xe.o(.text)
    COMP1_2_3_IRQHandler                     0x080002fb   Thumb Code     0  startup_stm32f303xe.o(.text)
    COMP4_5_6_IRQHandler                     0x080002fb   Thumb Code     0  startup_stm32f303xe.o(.text)
    COMP7_IRQHandler                         0x080002fb   Thumb Code     0  startup_stm32f303xe.o(.text)
    DMA1_Channel1_IRQHandler                 0x080002fb   Thumb Code     0  startup_stm32f303xe.o(.text)
    DMA1_Channel2_IRQHandler                 0x080002fb   Thumb Code     0  startup_stm32f303xe.o(.text)
    DMA1_Channel3_IRQHandler                 0x080002fb   Thumb Code     0  startup_stm32f303xe.o(.text)
    DMA1_Channel4_IRQHandler                 0x080002fb   Thumb Code     0  startup_stm32f303xe.o(.text)
    DMA1_Channel5_IRQHandler                 0x080002fb   Thumb Code     0  startup_stm32f303xe.o(.text)
    DMA1_Channel6_IRQHandler                 0x080002fb   Thumb Code     0  startup_stm32f303xe.o(.text)
    DMA1_Channel7_IRQHandler                 0x080002fb   Thumb Code     0  startup_stm32f303xe.o(.text)
    DMA2_Channel1_IRQHandler                 0x080002fb   Thumb Code     0  startup_stm32f303xe.o(.text)
    DMA2_Channel2_IRQHandler                 0x080002fb   Thumb Code     0  startup_stm32f303xe.o(.text)
    DMA2_Channel3_IRQHandler                 0x080002fb   Thumb Code     0  startup_stm32f303xe.o(.text)
    DMA2_Channel4_IRQHandler                 0x080002fb   Thumb Code     0  startup_stm32f303xe.o(.text)
    DMA2_Channel5_IRQHandler                 0x080002fb   Thumb Code     0  startup_stm32f303xe.o(.text)
    EXTI0_IRQHandler                         0x080002fb   Thumb Code     0  startup_stm32f303xe.o(.text)
    EXTI15_10_IRQHandler                     0x080002fb   Thumb Code     0  startup_stm32f303xe.o(.text)
    EXTI9_5_IRQHandler                       0x080002fb   Thumb Code     0  startup_stm32f303xe.o(.text)
    FLASH_IRQHandler                         0x080002fb   Thumb Code     0  startup_stm32f303xe.o(.text)
    FMC_IRQHandler                           0x080002fb   Thumb Code     0  startup_stm32f303xe.o(.text)
    FPU_IRQHandler                           0x080002fb   Thumb Code     0  startup_stm32f303xe.o(.text)
    I2C1_ER_IRQHandler                       0x080002fb   Thumb Code     0  startup_stm32f303xe.o(.text)
    I2C1_EV_IRQHandler                       0x080002fb   Thumb Code     0  startup_stm32f303xe.o(.text)
    I2C2_ER_IRQHandler                       0x080002fb   Thumb Code     0  startup_stm32f303xe.o(.text)
    I2C2_EV_IRQHandler                       0x080002fb   Thumb Code     0  startup_stm32f303xe.o(.text)
    I2C3_ER_IRQHandler                       0x080002fb   Thumb Code     0  startup_stm32f303xe.o(.text)
    I2C3_EV_IRQHandler                       0x080002fb   Thumb Code     0  startup_stm32f303xe.o(.text)
    PVD_IRQHandler                           0x080002fb   Thumb Code     0  startup_stm32f303xe.o(.text)
    RCC_IRQHandler                           0x080002fb   Thumb Code     0  startup_stm32f303xe.o(.text)
    RTC_Alarm_IRQHandler                     0x080002fb   Thumb Code     0  startup_stm32f303xe.o(.text)
    RTC_WKUP_IRQHandler                      0x080002fb   Thumb Code     0  startup_stm32f303xe.o(.text)
    SPI1_IRQHandler                          0x080002fb   Thumb Code     0  startup_stm32f303xe.o(.text)
    SPI2_IRQHandler                          0x080002fb   Thumb Code     0  startup_stm32f303xe.o(.text)
    SPI3_IRQHandler                          0x080002fb   Thumb Code     0  startup_stm32f303xe.o(.text)
    SPI4_IRQHandler                          0x080002fb   Thumb Code     0  startup_stm32f303xe.o(.text)
    TAMP_STAMP_IRQHandler                    0x080002fb   Thumb Code     0  startup_stm32f303xe.o(.text)
    TIM1_TRG_COM_TIM17_IRQHandler            0x080002fb   Thumb Code     0  startup_stm32f303xe.o(.text)
    TIM20_BRK_IRQHandler                     0x080002fb   Thumb Code     0  startup_stm32f303xe.o(.text)
    TIM20_CC_IRQHandler                      0x080002fb   Thumb Code     0  startup_stm32f303xe.o(.text)
    TIM20_TRG_COM_IRQHandler                 0x080002fb   Thumb Code     0  startup_stm32f303xe.o(.text)
    TIM20_UP_IRQHandler                      0x080002fb   Thumb Code     0  startup_stm32f303xe.o(.text)
    TIM2_IRQHandler                          0x080002fb   Thumb Code     0  startup_stm32f303xe.o(.text)
    TIM3_IRQHandler                          0x080002fb   Thumb Code     0  startup_stm32f303xe.o(.text)
    TIM4_IRQHandler                          0x080002fb   Thumb Code     0  startup_stm32f303xe.o(.text)
    TIM6_DAC_IRQHandler                      0x080002fb   Thumb Code     0  startup_stm32f303xe.o(.text)
    TIM7_IRQHandler                          0x080002fb   Thumb Code     0  startup_stm32f303xe.o(.text)
    TIM8_BRK_IRQHandler                      0x080002fb   Thumb Code     0  startup_stm32f303xe.o(.text)
    TIM8_CC_IRQHandler                       0x080002fb   Thumb Code     0  startup_stm32f303xe.o(.text)
    TIM8_TRG_COM_IRQHandler                  0x080002fb   Thumb Code     0  startup_stm32f303xe.o(.text)
    TIM8_UP_IRQHandler                       0x080002fb   Thumb Code     0  startup_stm32f303xe.o(.text)
    UART4_IRQHandler                         0x080002fb   Thumb Code     0  startup_stm32f303xe.o(.text)
    UART5_IRQHandler                         0x080002fb   Thumb Code     0  startup_stm32f303xe.o(.text)
    USART1_IRQHandler                        0x080002fb   Thumb Code     0  startup_stm32f303xe.o(.text)
    USART3_IRQHandler                        0x080002fb   Thumb Code     0  startup_stm32f303xe.o(.text)
    USBWakeUp_IRQHandler                     0x080002fb   Thumb Code     0  startup_stm32f303xe.o(.text)
    USBWakeUp_RMP_IRQHandler                 0x080002fb   Thumb Code     0  startup_stm32f303xe.o(.text)
    USB_HP_CAN_TX_IRQHandler                 0x080002fb   Thumb Code     0  startup_stm32f303xe.o(.text)
    USB_HP_IRQHandler                        0x080002fb   Thumb Code     0  startup_stm32f303xe.o(.text)
    USB_LP_CAN_RX0_IRQHandler                0x080002fb   Thumb Code     0  startup_stm32f303xe.o(.text)
    USB_LP_IRQHandler                        0x080002fb   Thumb Code     0  startup_stm32f303xe.o(.text)
    WWDG_IRQHandler                          0x080002fb   Thumb Code     0  startup_stm32f303xe.o(.text)
    __user_initial_stackheap                 0x080002fd   Thumb Code     0  startup_stm32f303xe.o(.text)
    vsnprintf                                0x08000321   Thumb Code    48  vsnprintf.o(.text)
    __aeabi_memcpy                           0x08000355   Thumb Code     0  rt_memcpy_v6.o(.text)
    __rt_memcpy                              0x08000355   Thumb Code   138  rt_memcpy_v6.o(.text)
    _memcpy_lastbytes                        0x080003bb   Thumb Code     0  rt_memcpy_v6.o(.text)
    __use_two_region_memory                  0x080003df   Thumb Code     2  heapauxi.o(.text)
    __rt_heap_escrow$2region                 0x080003e1   Thumb Code     2  heapauxi.o(.text)
    __rt_heap_expand$2region                 0x080003e3   Thumb Code     2  heapauxi.o(.text)
    _printf_pre_padding                      0x080003e5   Thumb Code    44  _printf_pad.o(.text)
    _printf_post_padding                     0x08000411   Thumb Code    34  _printf_pad.o(.text)
    _printf_truncate_signed                  0x08000433   Thumb Code    18  _printf_truncate.o(.text)
    _printf_truncate_unsigned                0x08000445   Thumb Code    18  _printf_truncate.o(.text)
    _printf_str                              0x08000457   Thumb Code    82  _printf_str.o(.text)
    _printf_int_dec                          0x080004a9   Thumb Code   104  _printf_dec.o(.text)
    _printf_charcount                        0x08000521   Thumb Code    40  _printf_charcount.o(.text)
    _printf_char_common                      0x08000553   Thumb Code    32  _printf_char_common.o(.text)
    _sputc                                   0x08000579   Thumb Code    10  _sputc.o(.text)
    _snputc                                  0x08000583   Thumb Code    16  _snputc.o(.text)
    _printf_wctomb                           0x08000595   Thumb Code   182  _printf_wctomb.o(.text)
    _printf_longlong_dec                     0x08000651   Thumb Code   108  _printf_longlong_dec.o(.text)
    _printf_longlong_oct                     0x080006cd   Thumb Code    66  _printf_oct_int_ll.o(.text)
    _printf_int_oct                          0x0800070f   Thumb Code    24  _printf_oct_int_ll.o(.text)
    _printf_ll_oct                           0x08000727   Thumb Code    12  _printf_oct_int_ll.o(.text)
    _printf_longlong_hex                     0x0800073d   Thumb Code    86  _printf_hex_int_ll_ptr.o(.text)
    _printf_int_hex                          0x08000793   Thumb Code    28  _printf_hex_int_ll_ptr.o(.text)
    _printf_ll_hex                           0x080007af   Thumb Code    12  _printf_hex_int_ll_ptr.o(.text)
    _printf_hex_ptr                          0x080007bb   Thumb Code    18  _printf_hex_int_ll_ptr.o(.text)
    __printf                                 0x080007d1   Thumb Code   388  __printf_flags_ss_wp.o(.text)
    __aeabi_memcpy4                          0x08000959   Thumb Code     0  rt_memcpy_w.o(.text)
    __aeabi_memcpy8                          0x08000959   Thumb Code     0  rt_memcpy_w.o(.text)
    __rt_memcpy_w                            0x08000959   Thumb Code   100  rt_memcpy_w.o(.text)
    _memcpy_lastbytes_aligned                0x080009a1   Thumb Code     0  rt_memcpy_w.o(.text)
    _ll_udiv10                               0x080009bd   Thumb Code   138  lludiv10.o(.text)
    _printf_int_common                       0x08000a47   Thumb Code   178  _printf_intcommon.o(.text)
    __lib_sel_fp_printf                      0x08000af9   Thumb Code     2  _printf_fp_dec.o(.text)
    _printf_fp_dec_real                      0x08000cab   Thumb Code   620  _printf_fp_dec.o(.text)
    _printf_fp_hex_real                      0x08000f19   Thumb Code   756  _printf_fp_hex.o(.text)
    _printf_cs_common                        0x08001215   Thumb Code    20  _printf_char.o(.text)
    _printf_char                             0x08001229   Thumb Code    16  _printf_char.o(.text)
    _printf_string                           0x08001239   Thumb Code     8  _printf_char.o(.text)
    _printf_lcs_common                       0x08001241   Thumb Code    20  _printf_wchar.o(.text)
    _printf_wchar                            0x08001255   Thumb Code    16  _printf_wchar.o(.text)
    _printf_wstring                          0x08001265   Thumb Code     8  _printf_wchar.o(.text)
    _wcrtomb                                 0x0800126d   Thumb Code    64  _wcrtomb.o(.text)
    __user_setup_stackheap                   0x080012ad   Thumb Code    74  sys_stackheap_outer.o(.text)
    __rt_ctype_table                         0x080012f9   Thumb Code    16  rt_ctype_table.o(.text)
    __rt_locale                              0x08001309   Thumb Code     8  rt_locale_intlibspace.o(.text)
    _printf_fp_infnan                        0x08001311   Thumb Code   112  _printf_fp_infnan.o(.text)
    _btod_etento                             0x08001391   Thumb Code   224  bigflt0.o(.text)
    exit                                     0x08001475   Thumb Code    18  exit.o(.text)
    __user_libspace                          0x08001489   Thumb Code     8  libspace.o(.text)
    __user_perproc_libspace                  0x08001489   Thumb Code     0  libspace.o(.text)
    __user_perthread_libspace                0x08001489   Thumb Code     0  libspace.o(.text)
    strcmp                                   0x08001491   Thumb Code   128  strcmpv7m.o(.text)
    _sys_exit                                0x08001511   Thumb Code     8  sys_exit.o(.text)
    __I$use$semihosting                      0x0800151d   Thumb Code     0  use_no_semi.o(.text)
    __use_no_semihosting_swi                 0x0800151d   Thumb Code     2  use_no_semi.o(.text)
    __semihosting_library_function           0x0800151f   Thumb Code     0  indicate_semi.o(.text)
    _btod_d2e                                0x0800151f   Thumb Code    62  btod.o(CL$$btod_d2e)
    _d2e_denorm_low                          0x0800155d   Thumb Code    70  btod.o(CL$$btod_d2e_denorm_low)
    _d2e_norm_op1                            0x080015a3   Thumb Code    96  btod.o(CL$$btod_d2e_norm_op1)
    __btod_div_common                        0x08001603   Thumb Code   696  btod.o(CL$$btod_div_common)
    _e2e                                     0x0800193b   Thumb Code   220  btod.o(CL$$btod_e2e)
    _btod_ediv                               0x08001a17   Thumb Code    42  btod.o(CL$$btod_ediv)
    _btod_emul                               0x08001a41   Thumb Code    42  btod.o(CL$$btod_emul)
    __btod_mult_common                       0x08001a6b   Thumb Code   580  btod.o(CL$$btod_mult_common)
    CAM_HOME                                 0x08001cb1   Thumb Code   190  main.o(i.CAM_HOME)
    DRV8814_Init                             0x08001d95   Thumb Code   348  drv8814.o(i.DRV8814_Init)
    DRV8814_disable                          0x08001f01   Thumb Code    22  drv8814.o(i.DRV8814_disable)
    DRV8814_enable                           0x08001f21   Thumb Code    22  drv8814.o(i.DRV8814_enable)
    DRV8814_set_speed_left                   0x08001f41   Thumb Code    32  drv8814.o(i.DRV8814_set_speed_left)
    DRV8814_set_speed_right                  0x08001f61   Thumb Code    32  drv8814.o(i.DRV8814_set_speed_right)
    DRV8814_sleep                            0x08001f81   Thumb Code    20  drv8814.o(i.DRV8814_sleep)
    DRV8814_wake                             0x08001f9d   Thumb Code    20  drv8814.o(i.DRV8814_wake)
    DRV8884_Init                             0x08001fb9   Thumb Code   322  drv8884.o(i.DRV8884_Init)
    DRV8884_disable                          0x08002111   Thumb Code    20  drv8884.o(i.DRV8884_disable)
    DRV8884_enable                           0x0800212d   Thumb Code    20  drv8884.o(i.DRV8884_enable)
    DRV8884_sleep                            0x08002149   Thumb Code    20  drv8884.o(i.DRV8884_sleep)
    DRV8884_wake                             0x08002165   Thumb Code    20  drv8884.o(i.DRV8884_wake)
    ENC_Init                                 0x08002181   Thumb Code   408  encoders.o(i.ENC_Init)
    EXTI1_IRQHandler                         0x0800232d   Thumb Code    20  main.o(i.EXTI1_IRQHandler)
    EXTI2_TSC_IRQHandler                     0x08002349   Thumb Code    20  main.o(i.EXTI2_TSC_IRQHandler)
    EXTI3_IRQHandler                         0x08002365   Thumb Code    58  main.o(i.EXTI3_IRQHandler)
    EXTI4_IRQHandler                         0x080023b1   Thumb Code    56  main.o(i.EXTI4_IRQHandler)
    Heartbeat_Init                           0x080023f9   Thumb Code    48  leds.o(i.Heartbeat_Init)
    LCD_Init                                 0x08002431   Thumb Code   516  lcd.o(i.LCD_Init)
    LCDclear                                 0x08002641   Thumb Code    16  lcd.o(i.LCDclear)
    LCDprintf                                0x08002651   Thumb Code    38  lcd.o(i.LCDprintf)
    LCDputc                                  0x08002677   Thumb Code    18  lcd.o(i.LCDputc)
    LCDputs                                  0x08002689   Thumb Code    36  lcd.o(i.LCDputs)
    LCDsetCursorPosition                     0x080026ad   Thumb Code    52  lcd.o(i.LCDsetCursorPosition)
    LCDwriteCMD                              0x080026e1   Thumb Code   180  lcd.o(i.LCDwriteCMD)
    LCDwriteData                             0x0800279d   Thumb Code   170  lcd.o(i.LCDwriteData)
    LED_Init                                 0x08002851   Thumb Code    50  leds.o(i.LED_Init)
    RTC_Init                                 0x08002889   Thumb Code   248  rtc.o(i.RTC_Init)
    Servo_Init                               0x08002991   Thumb Code   166  servo.o(i.Servo_Init)
    Servo_UsToVal                            0x08002a3d   Thumb Code    48  servo.o(i.Servo_UsToVal)
    Servo_degreeToUs                         0x08002a6d   Thumb Code    18  servo.o(i.Servo_degreeToUs)
    Servo_set                                0x08002a7f   Thumb Code    28  servo.o(i.Servo_set)
    Servo_set_us                             0x08002a9b   Thumb Code    22  servo.o(i.Servo_set_us)
    SysTick_Handler                          0x08002ab1   Thumb Code    20  systick.o(i.SysTick_Handler)
    SysTick_Init                             0x08002ac9   Thumb Code    90  systick.o(i.SysTick_Init)
    SystemInit                               0x08002b2d   Thumb Code   104  system_stm32f3xx.o(i.SystemInit)
    System_Clock_Init                        0x08002ba9   Thumb Code   242  sysclock.o(i.System_Clock_Init)
    TIM15_Init                               0x08002ca9   Thumb Code   106  tim15.o(i.TIM15_Init)
    TIM16_Init                               0x08002d1d   Thumb Code   116  tim16.o(i.TIM16_Init)
    TIM16_enable                             0x08002d99   Thumb Code    14  tim16.o(i.TIM16_enable)
    TIM17_Init                               0x08002dad   Thumb Code   172  tim17.o(i.TIM17_Init)
    TIM17_disable                            0x08002e79   Thumb Code    14  tim17.o(i.TIM17_disable)
    TIM17_enable                             0x08002e8d   Thumb Code    14  tim17.o(i.TIM17_enable)
    TIM17_set                                0x08002ea1   Thumb Code    36  tim17.o(i.TIM17_set)
    TIM1_BRK_TIM15_IRQHandler                0x08002ec9   Thumb Code   100  main.o(i.TIM1_BRK_TIM15_IRQHandler)
    TIM1_CC_IRQHandler                       0x08002f49   Thumb Code   194  main.o(i.TIM1_CC_IRQHandler)
    TIM1_UP_TIM16_IRQHandler                 0x08003021   Thumb Code   194  main.o(i.TIM1_UP_TIM16_IRQHandler)
    TIM3_Init                                0x080030f9   Thumb Code   190  tim3.o(i.TIM3_Init)
    TIM3_disable_ch3                         0x080031c9   Thumb Code    14  tim3.o(i.TIM3_disable_ch3)
    TIM3_disable_ch4                         0x080031dd   Thumb Code    14  tim3.o(i.TIM3_disable_ch4)
    TIM3_enable_ch3                          0x080031f1   Thumb Code    14  tim3.o(i.TIM3_enable_ch3)
    TIM3_enable_ch4                          0x08003205   Thumb Code    14  tim3.o(i.TIM3_enable_ch4)
    TIM3_set_ch3                             0x08003219   Thumb Code    28  tim3.o(i.TIM3_set_ch3)
    TIM3_set_ch4                             0x08003239   Thumb Code    28  tim3.o(i.TIM3_set_ch4)
    UART_Init                                0x08003259   Thumb Code   322  serial.o(i.UART_Init)
    UART_printf                              0x080033a5   Thumb Code    38  serial.o(i.UART_printf)
    UART_putc                                0x080033cd   Thumb Code    22  serial.o(i.UART_putc)
    UART_puts                                0x080033e9   Thumb Code    22  serial.o(i.UART_puts)
    USART2_IRQHandler                        0x08003401   Thumb Code    92  main.o(i.USART2_IRQHandler)
    __ARM_fpclassify                         0x08003475   Thumb Code    48  fpclassify.o(i.__ARM_fpclassify)
    _is_digit                                0x080034c7   Thumb Code    14  __printf_wp.o(i._is_digit)
    delay_ms                                 0x080034d5   Thumb Code    36  systick.o(i.delay_ms)
    delay_us                                 0x080034fd   Thumb Code    32  systick.o(i.delay_us)
    lim_sw_Init                              0x08003521   Thumb Code   188  lim_sw.o(i.lim_sw_Init)
    main                                     0x080035ed   Thumb Code  1478  main.o(i.main)
    send_status                              0x08003bf1   Thumb Code   120  main.o(i.send_status)
    _get_lc_numeric                          0x08003c89   Thumb Code    44  lc_numeric_c.o(locale$$code)
    _get_lc_ctype                            0x08003cb5   Thumb Code    44  lc_ctype_c.o(locale$$code)
    _fp_init                                 0x08003ce1   Thumb Code    10  fpinit.o(x$fpl$fpinit)
    __fplib_config_fpu_vfp                   0x08003ce9   Thumb Code     0  fpinit.o(x$fpl$fpinit)
    __fplib_config_pureend_doubles           0x08003ce9   Thumb Code     0  fpinit.o(x$fpl$fpinit)
    _printf_fp_dec                           0x08003ceb   Thumb Code     4  printf1.o(x$fpl$printf1)
    _printf_fp_hex                           0x08003cef   Thumb Code     4  printf2.o(x$fpl$printf2)
    __I$use$fp                               0x08003cf2   Number         0  usenofp.o(x$fpl$usenofp)
    Region$$Table$$Base                      0x08003df0   Number         0  anon$$obj.o(Region$$Table)
    Region$$Table$$Limit                     0x08003e10   Number         0  anon$$obj.o(Region$$Table)
    __ctype                                  0x08003e39   Data           0  lc_ctype_c.o(locale$$data)
    step_fault                               0x20000008   Data           1  main.o(.data)
    step_fault_changed                       0x20000009   Data           1  main.o(.data)
    total_LR_steps                           0x2000000a   Data           2  main.o(.data)
    current_LR_steps                         0x2000000c   Data           2  main.o(.data)
    dc_fault                                 0x20000014   Data           1  main.o(.data)
    dc_fault_changed                         0x20000015   Data           1  main.o(.data)
    dc_speedL                                0x20000016   Data           1  main.o(.data)
    dc_speedR                                0x20000017   Data           1  main.o(.data)
    dc_dirL                                  0x20000018   Data           1  main.o(.data)
    dc_dirR                                  0x20000019   Data           1  main.o(.data)
    __libspace_start                         0x200000b4   Data          96  libspace.o(.bss)
    __temporary_stack_top$libspace           0x20000114   Data           0  libspace.o(.bss)



==============================================================================

Memory Map of the image

  Image Entry point : 0x08000195

  Load Region LR_IROM1 (Base: 0x08000000, Size: 0x00003f70, Max: 0x00080000, ABSOLUTE)

    Execution Region ER_IROM1 (Base: 0x08000000, Size: 0x00003f3c, Max: 0x00080000, ABSOLUTE)

    Base Addr    Size         Type   Attr      Idx    E Section Name        Object

    0x08000000   0x00000194   Data   RO          351    RESET               startup_stm32f303xe.o
    0x08000194   0x00000008   Code   RO          941  * !!!main             c_w.l(__main.o)
    0x0800019c   0x00000034   Code   RO         1266    !!!scatter          c_w.l(__scatter.o)
    0x080001d0   0x0000001a   Code   RO         1268    !!handler_copy      c_w.l(__scatter_copy.o)
    0x080001ea   0x00000002   PAD
    0x080001ec   0x0000001c   Code   RO         1270    !!handler_zi        c_w.l(__scatter_zi.o)
    0x08000208   0x00000000   Code   RO         1027    .ARM.Collect$$_printf_percent$$00000000  c_w.l(_printf_percent.o)
    0x08000208   0x00000006   Code   RO         1016    .ARM.Collect$$_printf_percent$$00000001  c_w.l(_printf_n.o)
    0x0800020e   0x00000006   Code   RO         1018    .ARM.Collect$$_printf_percent$$00000002  c_w.l(_printf_p.o)
    0x08000214   0x00000006   Code   RO         1023    .ARM.Collect$$_printf_percent$$00000003  c_w.l(_printf_f.o)
    0x0800021a   0x00000006   Code   RO         1024    .ARM.Collect$$_printf_percent$$00000004  c_w.l(_printf_e.o)
    0x08000220   0x00000006   Code   RO         1025    .ARM.Collect$$_printf_percent$$00000005  c_w.l(_printf_g.o)
    0x08000226   0x00000006   Code   RO         1026    .ARM.Collect$$_printf_percent$$00000006  c_w.l(_printf_a.o)
    0x0800022c   0x0000000a   Code   RO         1031    .ARM.Collect$$_printf_percent$$00000007  c_w.l(_printf_ll.o)
    0x08000236   0x00000006   Code   RO         1020    .ARM.Collect$$_printf_percent$$00000008  c_w.l(_printf_i.o)
    0x0800023c   0x00000006   Code   RO         1021    .ARM.Collect$$_printf_percent$$00000009  c_w.l(_printf_d.o)
    0x08000242   0x00000006   Code   RO         1022    .ARM.Collect$$_printf_percent$$0000000A  c_w.l(_printf_u.o)
    0x08000248   0x00000006   Code   RO         1019    .ARM.Collect$$_printf_percent$$0000000B  c_w.l(_printf_o.o)
    0x0800024e   0x00000006   Code   RO         1017    .ARM.Collect$$_printf_percent$$0000000C  c_w.l(_printf_x.o)
    0x08000254   0x00000006   Code   RO         1028    .ARM.Collect$$_printf_percent$$0000000D  c_w.l(_printf_lli.o)
    0x0800025a   0x00000006   Code   RO         1029    .ARM.Collect$$_printf_percent$$0000000E  c_w.l(_printf_lld.o)
    0x08000260   0x00000006   Code   RO         1030    .ARM.Collect$$_printf_percent$$0000000F  c_w.l(_printf_llu.o)
    0x08000266   0x00000006   Code   RO         1035    .ARM.Collect$$_printf_percent$$00000010  c_w.l(_printf_llo.o)
    0x0800026c   0x00000006   Code   RO         1036    .ARM.Collect$$_printf_percent$$00000011  c_w.l(_printf_llx.o)
    0x08000272   0x0000000a   Code   RO         1032    .ARM.Collect$$_printf_percent$$00000012  c_w.l(_printf_l.o)
    0x0800027c   0x00000006   Code   RO         1014    .ARM.Collect$$_printf_percent$$00000013  c_w.l(_printf_c.o)
    0x08000282   0x00000006   Code   RO         1015    .ARM.Collect$$_printf_percent$$00000014  c_w.l(_printf_s.o)
    0x08000288   0x00000006   Code   RO         1033    .ARM.Collect$$_printf_percent$$00000015  c_w.l(_printf_lc.o)
    0x0800028e   0x00000006   Code   RO         1034    .ARM.Collect$$_printf_percent$$00000016  c_w.l(_printf_ls.o)
    0x08000294   0x00000004   Code   RO         1077    .ARM.Collect$$_printf_percent$$00000017  c_w.l(_printf_percent_end.o)
    0x08000298   0x00000002   Code   RO         1126    .ARM.Collect$$libinit$$00000000  c_w.l(libinit.o)
    0x0800029a   0x00000004   Code   RO         1142    .ARM.Collect$$libinit$$00000001  c_w.l(libinit2.o)
    0x0800029e   0x00000000   Code   RO         1145    .ARM.Collect$$libinit$$00000004  c_w.l(libinit2.o)
    0x0800029e   0x00000000   Code   RO         1148    .ARM.Collect$$libinit$$0000000A  c_w.l(libinit2.o)
    0x0800029e   0x00000000   Code   RO         1150    .ARM.Collect$$libinit$$0000000C  c_w.l(libinit2.o)
    0x0800029e   0x00000000   Code   RO         1152    .ARM.Collect$$libinit$$0000000E  c_w.l(libinit2.o)
    0x0800029e   0x00000006   Code   RO         1153    .ARM.Collect$$libinit$$0000000F  c_w.l(libinit2.o)
    0x080002a4   0x00000000   Code   RO         1155    .ARM.Collect$$libinit$$00000011  c_w.l(libinit2.o)
    0x080002a4   0x0000000c   Code   RO         1156    .ARM.Collect$$libinit$$00000012  c_w.l(libinit2.o)
    0x080002b0   0x00000000   Code   RO         1157    .ARM.Collect$$libinit$$00000013  c_w.l(libinit2.o)
    0x080002b0   0x00000000   Code   RO         1159    .ARM.Collect$$libinit$$00000015  c_w.l(libinit2.o)
    0x080002b0   0x0000000a   Code   RO         1160    .ARM.Collect$$libinit$$00000016  c_w.l(libinit2.o)
    0x080002ba   0x00000000   Code   RO         1161    .ARM.Collect$$libinit$$00000017  c_w.l(libinit2.o)
    0x080002ba   0x00000000   Code   RO         1163    .ARM.Collect$$libinit$$00000019  c_w.l(libinit2.o)
    0x080002ba   0x00000000   Code   RO         1165    .ARM.Collect$$libinit$$0000001B  c_w.l(libinit2.o)
    0x080002ba   0x00000000   Code   RO         1167    .ARM.Collect$$libinit$$0000001D  c_w.l(libinit2.o)
    0x080002ba   0x00000000   Code   RO         1169    .ARM.Collect$$libinit$$0000001F  c_w.l(libinit2.o)
    0x080002ba   0x00000000   Code   RO         1171    .ARM.Collect$$libinit$$00000021  c_w.l(libinit2.o)
    0x080002ba   0x00000000   Code   RO         1173    .ARM.Collect$$libinit$$00000023  c_w.l(libinit2.o)
    0x080002ba   0x00000000   Code   RO         1175    .ARM.Collect$$libinit$$00000025  c_w.l(libinit2.o)
    0x080002ba   0x00000000   Code   RO         1179    .ARM.Collect$$libinit$$0000002C  c_w.l(libinit2.o)
    0x080002ba   0x00000000   Code   RO         1181    .ARM.Collect$$libinit$$0000002E  c_w.l(libinit2.o)
    0x080002ba   0x00000000   Code   RO         1183    .ARM.Collect$$libinit$$00000030  c_w.l(libinit2.o)
    0x080002ba   0x00000000   Code   RO         1185    .ARM.Collect$$libinit$$00000032  c_w.l(libinit2.o)
    0x080002ba   0x00000002   Code   RO         1186    .ARM.Collect$$libinit$$00000033  c_w.l(libinit2.o)
    0x080002bc   0x00000002   Code   RO         1206    .ARM.Collect$$libshutdown$$00000000  c_w.l(libshutdown.o)
    0x080002be   0x00000000   Code   RO         1219    .ARM.Collect$$libshutdown$$00000002  c_w.l(libshutdown2.o)
    0x080002be   0x00000000   Code   RO         1221    .ARM.Collect$$libshutdown$$00000004  c_w.l(libshutdown2.o)
    0x080002be   0x00000000   Code   RO         1224    .ARM.Collect$$libshutdown$$00000007  c_w.l(libshutdown2.o)
    0x080002be   0x00000000   Code   RO         1227    .ARM.Collect$$libshutdown$$0000000A  c_w.l(libshutdown2.o)
    0x080002be   0x00000000   Code   RO         1229    .ARM.Collect$$libshutdown$$0000000C  c_w.l(libshutdown2.o)
    0x080002be   0x00000000   Code   RO         1232    .ARM.Collect$$libshutdown$$0000000F  c_w.l(libshutdown2.o)
    0x080002be   0x00000002   Code   RO         1233    .ARM.Collect$$libshutdown$$00000010  c_w.l(libshutdown2.o)
    0x080002c0   0x00000000   Code   RO          943    .ARM.Collect$$rtentry$$00000000  c_w.l(__rtentry.o)
    0x080002c0   0x00000000   Code   RO         1048    .ARM.Collect$$rtentry$$00000002  c_w.l(__rtentry2.o)
    0x080002c0   0x00000006   Code   RO         1060    .ARM.Collect$$rtentry$$00000004  c_w.l(__rtentry4.o)
    0x080002c6   0x00000000   Code   RO         1050    .ARM.Collect$$rtentry$$00000009  c_w.l(__rtentry2.o)
    0x080002c6   0x00000004   Code   RO         1051    .ARM.Collect$$rtentry$$0000000A  c_w.l(__rtentry2.o)
    0x080002ca   0x00000000   Code   RO         1053    .ARM.Collect$$rtentry$$0000000C  c_w.l(__rtentry2.o)
    0x080002ca   0x00000008   Code   RO         1054    .ARM.Collect$$rtentry$$0000000D  c_w.l(__rtentry2.o)
    0x080002d2   0x00000002   Code   RO         1135    .ARM.Collect$$rtexit$$00000000  c_w.l(rtexit.o)
    0x080002d4   0x00000000   Code   RO         1188    .ARM.Collect$$rtexit$$00000002  c_w.l(rtexit2.o)
    0x080002d4   0x00000004   Code   RO         1189    .ARM.Collect$$rtexit$$00000003  c_w.l(rtexit2.o)
    0x080002d8   0x00000006   Code   RO         1190    .ARM.Collect$$rtexit$$00000004  c_w.l(rtexit2.o)
    0x080002de   0x00000002   PAD
    0x080002e0   0x00000040   Code   RO          352    .text               startup_stm32f303xe.o
    0x08000320   0x00000034   Code   RO          935    .text               c_w.l(vsnprintf.o)
    0x08000354   0x0000008a   Code   RO          937    .text               c_w.l(rt_memcpy_v6.o)
    0x080003de   0x00000006   Code   RO          939    .text               c_w.l(heapauxi.o)
    0x080003e4   0x0000004e   Code   RO          946    .text               c_w.l(_printf_pad.o)
    0x08000432   0x00000024   Code   RO          948    .text               c_w.l(_printf_truncate.o)
    0x08000456   0x00000052   Code   RO          950    .text               c_w.l(_printf_str.o)
    0x080004a8   0x00000078   Code   RO          952    .text               c_w.l(_printf_dec.o)
    0x08000520   0x00000028   Code   RO          954    .text               c_w.l(_printf_charcount.o)
    0x08000548   0x00000030   Code   RO          956    .text               c_w.l(_printf_char_common.o)
    0x08000578   0x0000000a   Code   RO          958    .text               c_w.l(_sputc.o)
    0x08000582   0x00000010   Code   RO          960    .text               c_w.l(_snputc.o)
    0x08000592   0x00000002   PAD
    0x08000594   0x000000bc   Code   RO          962    .text               c_w.l(_printf_wctomb.o)
    0x08000650   0x0000007c   Code   RO          965    .text               c_w.l(_printf_longlong_dec.o)
    0x080006cc   0x00000070   Code   RO          971    .text               c_w.l(_printf_oct_int_ll.o)
    0x0800073c   0x00000094   Code   RO          991    .text               c_w.l(_printf_hex_int_ll_ptr.o)
    0x080007d0   0x00000188   Code   RO         1011    .text               c_w.l(__printf_flags_ss_wp.o)
    0x08000958   0x00000064   Code   RO         1037    .text               c_w.l(rt_memcpy_w.o)
    0x080009bc   0x0000008a   Code   RO         1062    .text               c_w.l(lludiv10.o)
    0x08000a46   0x000000b2   Code   RO         1064    .text               c_w.l(_printf_intcommon.o)
    0x08000af8   0x0000041e   Code   RO         1066    .text               c_w.l(_printf_fp_dec.o)
    0x08000f16   0x00000002   PAD
    0x08000f18   0x000002fc   Code   RO         1068    .text               c_w.l(_printf_fp_hex.o)
    0x08001214   0x0000002c   Code   RO         1073    .text               c_w.l(_printf_char.o)
    0x08001240   0x0000002c   Code   RO         1075    .text               c_w.l(_printf_wchar.o)
    0x0800126c   0x00000040   Code   RO         1078    .text               c_w.l(_wcrtomb.o)
    0x080012ac   0x0000004a   Code   RO         1080    .text               c_w.l(sys_stackheap_outer.o)
    0x080012f6   0x00000002   PAD
    0x080012f8   0x00000010   Code   RO         1082    .text               c_w.l(rt_ctype_table.o)
    0x08001308   0x00000008   Code   RO         1087    .text               c_w.l(rt_locale_intlibspace.o)
    0x08001310   0x00000080   Code   RO         1089    .text               c_w.l(_printf_fp_infnan.o)
    0x08001390   0x000000e4   Code   RO         1091    .text               c_w.l(bigflt0.o)
    0x08001474   0x00000012   Code   RO         1119    .text               c_w.l(exit.o)
    0x08001486   0x00000002   PAD
    0x08001488   0x00000008   Code   RO         1132    .text               c_w.l(libspace.o)
    0x08001490   0x00000080   Code   RO         1140    .text               c_w.l(strcmpv7m.o)
    0x08001510   0x0000000c   Code   RO         1198    .text               c_w.l(sys_exit.o)
    0x0800151c   0x00000002   Code   RO         1209    .text               c_w.l(use_no_semi.o)
    0x0800151e   0x00000000   Code   RO         1211    .text               c_w.l(indicate_semi.o)
    0x0800151e   0x0000003e   Code   RO         1094    CL$$btod_d2e        c_w.l(btod.o)
    0x0800155c   0x00000046   Code   RO         1096    CL$$btod_d2e_denorm_low  c_w.l(btod.o)
    0x080015a2   0x00000060   Code   RO         1095    CL$$btod_d2e_norm_op1  c_w.l(btod.o)
    0x08001602   0x00000338   Code   RO         1104    CL$$btod_div_common  c_w.l(btod.o)
    0x0800193a   0x000000dc   Code   RO         1101    CL$$btod_e2e        c_w.l(btod.o)
    0x08001a16   0x0000002a   Code   RO         1098    CL$$btod_ediv       c_w.l(btod.o)
    0x08001a40   0x0000002a   Code   RO         1097    CL$$btod_emul       c_w.l(btod.o)
    0x08001a6a   0x00000244   Code   RO         1103    CL$$btod_mult_common  c_w.l(btod.o)
    0x08001cae   0x00000002   PAD
    0x08001cb0   0x000000e4   Code   RO          154    i.CAM_HOME          main.o
    0x08001d94   0x0000016c   Code   RO          666    i.DRV8814_Init      drv8814.o
    0x08001f00   0x00000020   Code   RO          667    i.DRV8814_disable   drv8814.o
    0x08001f20   0x00000020   Code   RO          668    i.DRV8814_enable    drv8814.o
    0x08001f40   0x00000020   Code   RO          669    i.DRV8814_set_speed_left  drv8814.o
    0x08001f60   0x00000020   Code   RO          670    i.DRV8814_set_speed_right  drv8814.o
    0x08001f80   0x0000001c   Code   RO          671    i.DRV8814_sleep     drv8814.o
    0x08001f9c   0x0000001c   Code   RO          673    i.DRV8814_wake      drv8814.o
    0x08001fb8   0x00000158   Code   RO          478    i.DRV8884_Init      drv8884.o
    0x08002110   0x0000001c   Code   RO          479    i.DRV8884_disable   drv8884.o
    0x0800212c   0x0000001c   Code   RO          480    i.DRV8884_enable    drv8884.o
    0x08002148   0x0000001c   Code   RO          481    i.DRV8884_sleep     drv8884.o
    0x08002164   0x0000001c   Code   RO          484    i.DRV8884_wake      drv8884.o
    0x08002180   0x000001ac   Code   RO          794    i.ENC_Init          encoders.o
    0x0800232c   0x0000001c   Code   RO          155    i.EXTI1_IRQHandler  main.o
    0x08002348   0x0000001c   Code   RO          156    i.EXTI2_TSC_IRQHandler  main.o
    0x08002364   0x0000004c   Code   RO          157    i.EXTI3_IRQHandler  main.o
    0x080023b0   0x00000048   Code   RO          158    i.EXTI4_IRQHandler  main.o
    0x080023f8   0x00000038   Code   RO          121    i.Heartbeat_Init    leds.o
    0x08002430   0x00000210   Code   RO            4    i.LCD_Init          lcd.o
    0x08002640   0x00000010   Code   RO            5    i.LCDclear          lcd.o
    0x08002650   0x00000026   Code   RO            6    i.LCDprintf         lcd.o
    0x08002676   0x00000012   Code   RO            7    i.LCDputc           lcd.o
    0x08002688   0x00000024   Code   RO            8    i.LCDputs           lcd.o
    0x080026ac   0x00000034   Code   RO            9    i.LCDsetCursorPosition  lcd.o
    0x080026e0   0x000000bc   Code   RO           10    i.LCDwriteCMD       lcd.o
    0x0800279c   0x000000b4   Code   RO           11    i.LCDwriteData      lcd.o
    0x08002850   0x00000038   Code   RO          122    i.LED_Init          leds.o
    0x08002888   0x00000108   Code   RO          906    i.RTC_Init          rtc.o
    0x08002990   0x000000ac   Code   RO          292    i.Servo_Init        servo.o
    0x08002a3c   0x00000030   Code   RO          293    i.Servo_UsToVal     servo.o
    0x08002a6c   0x00000012   Code   RO          294    i.Servo_degreeToUs  servo.o
    0x08002a7e   0x0000001c   Code   RO          297    i.Servo_set         servo.o
    0x08002a9a   0x00000016   Code   RO          298    i.Servo_set_us      servo.o
    0x08002ab0   0x00000018   Code   RO          430    i.SysTick_Handler   systick.o
    0x08002ac8   0x00000064   Code   RO          431    i.SysTick_Init      systick.o
    0x08002b2c   0x0000007c   Code   RO          384    i.SystemInit        system_stm32f3xx.o
    0x08002ba8   0x00000100   Code   RO          359    i.System_Clock_Init  sysclock.o
    0x08002ca8   0x00000074   Code   RO          822    i.TIM15_Init        tim15.o
    0x08002d1c   0x0000007c   Code   RO          591    i.TIM16_Init        tim16.o
    0x08002d98   0x00000014   Code   RO          593    i.TIM16_enable      tim16.o
    0x08002dac   0x000000b8   Code   RO          544    i.TIM17_Init        tim17.o
    0x08002e64   0x00000014   Code   RO          545    i.TIM17_ToVal       tim17.o
    0x08002e78   0x00000014   Code   RO          546    i.TIM17_disable     tim17.o
    0x08002e8c   0x00000014   Code   RO          547    i.TIM17_enable      tim17.o
    0x08002ea0   0x00000028   Code   RO          548    i.TIM17_set         tim17.o
    0x08002ec8   0x00000080   Code   RO          159    i.TIM1_BRK_TIM15_IRQHandler  main.o
    0x08002f48   0x000000d8   Code   RO          160    i.TIM1_CC_IRQHandler  main.o
    0x08003020   0x000000d8   Code   RO          161    i.TIM1_UP_TIM16_IRQHandler  main.o
    0x080030f8   0x000000d0   Code   RO          734    i.TIM3_Init         tim3.o
    0x080031c8   0x00000014   Code   RO          735    i.TIM3_disable_ch3  tim3.o
    0x080031dc   0x00000014   Code   RO          736    i.TIM3_disable_ch4  tim3.o
    0x080031f0   0x00000014   Code   RO          737    i.TIM3_enable_ch3   tim3.o
    0x08003204   0x00000014   Code   RO          738    i.TIM3_enable_ch4   tim3.o
    0x08003218   0x00000020   Code   RO          739    i.TIM3_set_ch3      tim3.o
    0x08003238   0x00000020   Code   RO          740    i.TIM3_set_ch4      tim3.o
    0x08003258   0x0000014c   Code   RO          864    i.UART_Init         serial.o
    0x080033a4   0x00000026   Code   RO          865    i.UART_printf       serial.o
    0x080033ca   0x00000002   PAD
    0x080033cc   0x0000001c   Code   RO          866    i.UART_putc         serial.o
    0x080033e8   0x00000016   Code   RO          867    i.UART_puts         serial.o
    0x080033fe   0x00000002   PAD
    0x08003400   0x00000074   Code   RO          162    i.USART2_IRQHandler  main.o
    0x08003474   0x00000030   Code   RO         1130    i.__ARM_fpclassify  m_wm.l(fpclassify.o)
    0x080034a4   0x00000022   Code   RO          633    i.__NVIC_EnableIRQ  lim_sw.o
    0x080034c6   0x0000000e   Code   RO         1004    i._is_digit         c_w.l(__printf_wp.o)
    0x080034d4   0x00000028   Code   RO          432    i.delay_ms          systick.o
    0x080034fc   0x00000024   Code   RO          433    i.delay_us          systick.o
    0x08003520   0x000000cc   Code   RO          634    i.lim_sw_Init       lim_sw.o
    0x080035ec   0x00000604   Code   RO          163    i.main              main.o
    0x08003bf0   0x00000098   Code   RO          164    i.send_status       main.o
    0x08003c88   0x0000002c   Code   RO         1117    locale$$code        c_w.l(lc_numeric_c.o)
    0x08003cb4   0x0000002c   Code   RO         1138    locale$$code        c_w.l(lc_ctype_c.o)
    0x08003ce0   0x0000000a   Code   RO         1196    x$fpl$fpinit        fz_wm.l(fpinit.o)
    0x08003cea   0x00000004   Code   RO         1039    x$fpl$printf1       fz_wm.l(printf1.o)
    0x08003cee   0x00000004   Code   RO         1041    x$fpl$printf2       fz_wm.l(printf2.o)
    0x08003cf2   0x00000000   Code   RO         1129    x$fpl$usenofp       fz_wm.l(usenofp.o)
    0x08003cf2   0x00000002   PAD
    0x08003cf4   0x00000008   Data   RO          963    .constdata          c_w.l(_printf_wctomb.o)
    0x08003cfc   0x00000028   Data   RO          992    .constdata          c_w.l(_printf_hex_int_ll_ptr.o)
    0x08003d24   0x00000011   Data   RO         1012    .constdata          c_w.l(__printf_flags_ss_wp.o)
    0x08003d35   0x00000026   Data   RO         1069    .constdata          c_w.l(_printf_fp_hex.o)
    0x08003d5b   0x00000001   PAD
    0x08003d5c   0x00000094   Data   RO         1092    .constdata          c_w.l(bigflt0.o)
    0x08003df0   0x00000020   Data   RO         1264    Region$$Table       anon$$obj.o
    0x08003e10   0x0000001c   Data   RO         1116    locale$$data        c_w.l(lc_numeric_c.o)
    0x08003e2c   0x00000110   Data   RO         1137    locale$$data        c_w.l(lc_ctype_c.o)


    Execution Region RW_IRAM1 (Base: 0x20000000, Size: 0x00000718, Max: 0x00010000, ABSOLUTE)

    Base Addr    Size         Type   Attr      Idx    E Section Name        Object

    0x20000000   0x00000028   Data   RW          166    .data               main.o
    0x20000028   0x00000004   Data   RW          434    .data               systick.o
    0x2000002c   0x00000002   Data   RW          485    .data               drv8884.o
    0x2000002e   0x00000003   Data   RW          674    .data               drv8814.o
    0x20000031   0x00000003   PAD
    0x20000034   0x00000080   Zero   RW          165    .bss                main.o
    0x200000b4   0x00000060   Zero   RW         1133    .bss                c_w.l(libspace.o)
    0x20000114   0x00000004   PAD
    0x20000118   0x00000200   Zero   RW          350    HEAP                startup_stm32f303xe.o
    0x20000318   0x00000400   Zero   RW          349    STACK               startup_stm32f303xe.o


==============================================================================

Image component sizes


      Code (inc. data)   RO Data    RW Data    ZI Data      Debug   Object Name

       548         52          0          3          0       3800   drv8814.o
       456         54          0          2          0      32640   drv8884.o
       428         20          0          0          0      30834   encoders.o
      1056         30          0          0          0       9438   lcd.o
       112         14          0          0          0        852   leds.o
       238         16          0          0          0       1002   lim_sw.o
      2800        466          0         40        128     539310   main.o
       264         16          0          0          0        523   rtc.o
       420         16          0          0          0       2238   serial.o
       288          6          0          0          0       2771   servo.o
        64         26        404          0       1536        808   startup_stm32f303xe.o
       256         14          0          0          0        532   sysclock.o
       124         20          0          0          0        477   system_stm32f3xx.o
       200         22          0          4          0      32542   systick.o
       116         10          0          0          0        637   tim15.o
       144         14          0          0          0       1056   tim16.o
       284         28          0          0          0       2460   tim17.o
       352         50          0          0          0       3140   tim3.o

    ----------------------------------------------------------------------
      8154        874        436         52       1664     665060   Object Totals
         0          0         32          0          0          0   (incl. Generated)
         4          0          0          3          0          0   (incl. Padding)

    ----------------------------------------------------------------------

      Code (inc. data)   RO Data    RW Data    ZI Data      Debug   Library Member Name

         8          0          0          0          0         68   __main.o
       392          4         17          0          0         92   __printf_flags_ss_wp.o
        14          0          0          0          0         68   __printf_wp.o
         0          0          0          0          0          0   __rtentry.o
        12          0          0          0          0          0   __rtentry2.o
         6          0          0          0          0          0   __rtentry4.o
        52          8          0          0          0          0   __scatter.o
        26          0          0          0          0          0   __scatter_copy.o
        28          0          0          0          0          0   __scatter_zi.o
         6          0          0          0          0          0   _printf_a.o
         6          0          0          0          0          0   _printf_c.o
        44          0          0          0          0        108   _printf_char.o
        48          6          0          0          0         96   _printf_char_common.o
        40          0          0          0          0         68   _printf_charcount.o
         6          0          0          0          0          0   _printf_d.o
       120         16          0          0          0         92   _printf_dec.o
         6          0          0          0          0          0   _printf_e.o
         6          0          0          0          0          0   _printf_f.o
      1054          0          0          0          0        216   _printf_fp_dec.o
       764          8         38          0          0        100   _printf_fp_hex.o
       128         16          0          0          0         84   _printf_fp_infnan.o
         6          0          0          0          0          0   _printf_g.o
       148          4         40          0          0        160   _printf_hex_int_ll_ptr.o
         6          0          0          0          0          0   _printf_i.o
       178          0          0          0          0         88   _printf_intcommon.o
        10          0          0          0          0          0   _printf_l.o
         6          0          0          0          0          0   _printf_lc.o
        10          0          0          0          0          0   _printf_ll.o
         6          0          0          0          0          0   _printf_lld.o
         6          0          0          0          0          0   _printf_lli.o
         6          0          0          0          0          0   _printf_llo.o
         6          0          0          0          0          0   _printf_llu.o
         6          0          0          0          0          0   _printf_llx.o
       124         16          0          0          0         92   _printf_longlong_dec.o
         6          0          0          0          0          0   _printf_ls.o
         6          0          0          0          0          0   _printf_n.o
         6          0          0          0          0          0   _printf_o.o
       112         10          0          0          0        124   _printf_oct_int_ll.o
         6          0          0          0          0          0   _printf_p.o
        78          0          0          0          0        108   _printf_pad.o
         0          0          0          0          0          0   _printf_percent.o
         4          0          0          0          0          0   _printf_percent_end.o
         6          0          0          0          0          0   _printf_s.o
        82          0          0          0          0         80   _printf_str.o
        36          0          0          0          0         84   _printf_truncate.o
         6          0          0          0          0          0   _printf_u.o
        44          0          0          0          0        108   _printf_wchar.o
       188          6          8          0          0         92   _printf_wctomb.o
         6          0          0          0          0          0   _printf_x.o
        16          0          0          0          0         68   _snputc.o
        10          0          0          0          0         68   _sputc.o
        64          0          0          0          0         92   _wcrtomb.o
       228          4        148          0          0         96   bigflt0.o
      1936        128          0          0          0        672   btod.o
        18          0          0          0          0         80   exit.o
         6          0          0          0          0        152   heapauxi.o
         0          0          0          0          0          0   indicate_semi.o
        44         10        272          0          0         76   lc_ctype_c.o
        44         10         28          0          0         76   lc_numeric_c.o
         2          0          0          0          0          0   libinit.o
        34          0          0          0          0          0   libinit2.o
         2          0          0          0          0          0   libshutdown.o
         2          0          0          0          0          0   libshutdown2.o
         8          4          0          0         96         68   libspace.o
       138          0          0          0          0         80   lludiv10.o
        16          4          0          0          0         76   rt_ctype_table.o
         8          4          0          0          0         68   rt_locale_intlibspace.o
       138          0          0          0          0         68   rt_memcpy_v6.o
       100          0          0          0          0         80   rt_memcpy_w.o
         2          0          0          0          0          0   rtexit.o
        10          0          0          0          0          0   rtexit2.o
       128          0          0          0          0         68   strcmpv7m.o
        12          4          0          0          0         68   sys_exit.o
        74          0          0          0          0         80   sys_stackheap_outer.o
         2          0          0          0          0         68   use_no_semi.o
        52          4          0          0          0         80   vsnprintf.o
        10          0          0          0          0        116   fpinit.o
         4          0          0          0          0        116   printf1.o
         4          0          0          0          0        116   printf2.o
         0          0          0          0          0          0   usenofp.o
        48          0          0          0          0        124   fpclassify.o

    ----------------------------------------------------------------------
      7046        266        552          0        100       4584   Library Totals
        16          0          1          0          4          0   (incl. Padding)

    ----------------------------------------------------------------------

      Code (inc. data)   RO Data    RW Data    ZI Data      Debug   Library Name

      6964        266        551          0         96       4112   c_w.l
        18          0          0          0          0        348   fz_wm.l
        48          0          0          0          0        124   m_wm.l

    ----------------------------------------------------------------------
      7046        266        552          0        100       4584   Library Totals

    ----------------------------------------------------------------------

==============================================================================


      Code (inc. data)   RO Data    RW Data    ZI Data      Debug   

     15200       1140        988         52       1764     660808   Grand Totals
     15200       1140        988         52       1764     660808   ELF Image Totals
     15200       1140        988         52          0          0   ROM Totals

==============================================================================

    Total RO  Size (Code + RO Data)                16188 (  15.81kB)
    Total RW  Size (RW Data + ZI Data)              1816 (   1.77kB)
    Total ROM Size (Code + RO Data + RW Data)      16240 (  15.86kB)

==============================================================================

